<?xml version="1.0" encoding="ISO-8859-1" ?>
<link_info>
   <banner>TI ARM Linker PC v20.2.7.LTS</banner>
   <copyright>Copyright (c) 1996-2018 Texas Instruments Incorporated</copyright>
   <link_time>0x6608bdbe</link_time>
   <link_errors>0x0</link_errors>
   <output_file>uartecho_CC3220S_LAUNCHXL_nortos_ccs.out</output_file>
   <entry_point>
      <name>resetISR</name>
      <address>0x2000f2c1</address>
   </entry_point>
   <input_file_list>
      <input_file id="fl-2">
         <path>.\</path>
         <kind>object</kind>
         <file>main_nortos.obj</file>
         <name>main_nortos.obj</name>
      </input_file>
      <input_file id="fl-3">
         <path>.\</path>
         <kind>object</kind>
         <file>uartecho.obj</file>
         <name>uartecho.obj</name>
      </input_file>
      <input_file id="fl-4">
         <path>.\syscfg\</path>
         <kind>object</kind>
         <file>ti_drivers_config.obj</file>
         <name>ti_drivers_config.obj</name>
      </input_file>
      <input_file id="fl-d">
         <kind>object</kind>
         <file>&lt;internal&gt;</file>
         <name>&lt;internal&gt;</name>
      </input_file>
      <input_file id="fl-e">
         <path>C:\ti\simplelink_cc32xx_sdk_4_30_00_06\source\ti\drivers\lib\ccs\m4\</path>
         <kind>archive</kind>
         <file>drivers_cc32xx.a</file>
         <name>UART.oem4</name>
      </input_file>
      <input_file id="fl-f">
         <path>C:\ti\simplelink_cc32xx_sdk_4_30_00_06\source\ti\drivers\lib\ccs\m4\</path>
         <kind>archive</kind>
         <file>drivers_cc32xx.a</file>
         <name>GPIOCC32XX.oem4</name>
      </input_file>
      <input_file id="fl-10">
         <path>C:\ti\simplelink_cc32xx_sdk_4_30_00_06\source\ti\drivers\lib\ccs\m4\</path>
         <kind>archive</kind>
         <file>drivers_cc32xx.a</file>
         <name>PowerCC32XX.oem4</name>
      </input_file>
      <input_file id="fl-11">
         <path>C:\ti\simplelink_cc32xx_sdk_4_30_00_06\source\ti\drivers\lib\ccs\m4\</path>
         <kind>archive</kind>
         <file>drivers_cc32xx.a</file>
         <name>PowerCC32XX_asm.oem4</name>
      </input_file>
      <input_file id="fl-12">
         <path>C:\ti\simplelink_cc32xx_sdk_4_30_00_06\source\ti\drivers\lib\ccs\m4\</path>
         <kind>archive</kind>
         <file>drivers_cc32xx.a</file>
         <name>UARTCC32XX.oem4</name>
      </input_file>
      <input_file id="fl-13">
         <path>C:\ti\simplelink_cc32xx_sdk_4_30_00_06\source\ti\drivers\lib\ccs\m4\</path>
         <kind>archive</kind>
         <file>drivers_cc32xx.a</file>
         <name>List.oem4</name>
      </input_file>
      <input_file id="fl-14">
         <path>C:\ti\simplelink_cc32xx_sdk_4_30_00_06\source\ti\drivers\lib\ccs\m4\</path>
         <kind>archive</kind>
         <file>drivers_cc32xx.a</file>
         <name>RingBuf.oem4</name>
      </input_file>
      <input_file id="fl-15">
         <path>C:\ti\simplelink_cc32xx_sdk_4_30_00_06\kernel\nortos\lib\ccs\m4\</path>
         <kind>archive</kind>
         <file>nortos_cc32xx.a</file>
         <name>NoRTOS.oem4</name>
      </input_file>
      <input_file id="fl-16">
         <path>C:\ti\simplelink_cc32xx_sdk_4_30_00_06\kernel\nortos\lib\ccs\m4\</path>
         <kind>archive</kind>
         <file>nortos_cc32xx.a</file>
         <name>SemaphoreP_nortos.oem4</name>
      </input_file>
      <input_file id="fl-17">
         <path>C:\ti\simplelink_cc32xx_sdk_4_30_00_06\kernel\nortos\lib\ccs\m4\</path>
         <kind>archive</kind>
         <file>nortos_cc32xx.a</file>
         <name>ClockPSysTick_nortos.oem4</name>
      </input_file>
      <input_file id="fl-18">
         <path>C:\ti\simplelink_cc32xx_sdk_4_30_00_06\kernel\nortos\lib\ccs\m4\</path>
         <kind>archive</kind>
         <file>nortos_cc32xx.a</file>
         <name>HwiPCC32XX_nortos.oem4</name>
      </input_file>
      <input_file id="fl-19">
         <path>C:\ti\simplelink_cc32xx_sdk_4_30_00_06\kernel\nortos\lib\ccs\m4\</path>
         <kind>archive</kind>
         <file>nortos_cc32xx.a</file>
         <name>PowerCC32XX_nortos.oem4</name>
      </input_file>
      <input_file id="fl-1a">
         <path>C:\ti\simplelink_cc32xx_sdk_4_30_00_06\kernel\nortos\lib\ccs\m4\</path>
         <kind>archive</kind>
         <file>nortos_cc32xx.a</file>
         <name>startup_cc32xx_ccs.oem4</name>
      </input_file>
      <input_file id="fl-1b">
         <path>C:\ti\simplelink_cc32xx_sdk_4_30_00_06\kernel\nortos\lib\ccs\m4\</path>
         <kind>archive</kind>
         <file>nortos_cc32xx.a</file>
         <name>SwiP_nortos.oem4</name>
      </input_file>
      <input_file id="fl-1c">
         <path>C:\ti\simplelink_cc32xx_sdk_4_30_00_06\kernel\nortos\lib\ccs\m4\</path>
         <kind>archive</kind>
         <file>nortos_cc32xx.a</file>
         <name>QueueP_nortos.oem4</name>
      </input_file>
      <input_file id="fl-1d">
         <path>C:\ti\simplelink_cc32xx_sdk_4_30_00_06\source\ti\devices\cc32xx\driverlib\ccs\Release\</path>
         <kind>archive</kind>
         <file>driverlib.a</file>
         <name>cpu.obj</name>
      </input_file>
      <input_file id="fl-1e">
         <path>C:\ti\simplelink_cc32xx_sdk_4_30_00_06\source\ti\devices\cc32xx\driverlib\ccs\Release\</path>
         <kind>archive</kind>
         <file>driverlib.a</file>
         <name>interrupt.obj</name>
      </input_file>
      <input_file id="fl-1f">
         <path>C:\ti\simplelink_cc32xx_sdk_4_30_00_06\source\ti\devices\cc32xx\driverlib\ccs\Release\</path>
         <kind>archive</kind>
         <file>driverlib.a</file>
         <name>pin.obj</name>
      </input_file>
      <input_file id="fl-20">
         <path>C:\ti\simplelink_cc32xx_sdk_4_30_00_06\source\ti\devices\cc32xx\driverlib\ccs\Release\</path>
         <kind>archive</kind>
         <file>driverlib.a</file>
         <name>prcm.obj</name>
      </input_file>
      <input_file id="fl-21">
         <path>C:\ti\simplelink_cc32xx_sdk_4_30_00_06\source\ti\devices\cc32xx\driverlib\ccs\Release\</path>
         <kind>archive</kind>
         <file>driverlib.a</file>
         <name>uart.obj</name>
      </input_file>
      <input_file id="fl-22">
         <path>C:\ti\simplelink_cc32xx_sdk_4_30_00_06\source\ti\devices\cc32xx\driverlib\ccs\Release\</path>
         <kind>archive</kind>
         <file>driverlib.a</file>
         <name>utils.obj</name>
      </input_file>
      <input_file id="fl-23">
         <path>C:\ti\simplelink_cc32xx_sdk_4_30_00_06\source\ti\devices\cc32xx\driverlib\ccs\Release\</path>
         <kind>archive</kind>
         <file>driverlib.a</file>
         <name>flash.obj</name>
      </input_file>
      <input_file id="fl-d9">
         <path>C:\ti\ccs1011\ccs\tools\compiler\ti-cgt-arm_20.2.7.LTS\lib\</path>
         <kind>archive</kind>
         <file>rtsv7M4_T_le_eabi.lib</file>
         <name>ll_mul_t2.asm.obj</name>
      </input_file>
      <input_file id="fl-da">
         <path>C:\ti\ccs1011\ccs\tools\compiler\ti-cgt-arm_20.2.7.LTS\lib\</path>
         <kind>archive</kind>
         <file>rtsv7M4_T_le_eabi.lib</file>
         <name>memcpy_t2.asm.obj</name>
      </input_file>
      <input_file id="fl-db">
         <path>C:\ti\ccs1011\ccs\tools\compiler\ti-cgt-arm_20.2.7.LTS\lib\</path>
         <kind>archive</kind>
         <file>rtsv7M4_T_le_eabi.lib</file>
         <name>ull_div_t2.asm.obj</name>
      </input_file>
      <input_file id="fl-dc">
         <path>C:\ti\ccs1011\ccs\tools\compiler\ti-cgt-arm_20.2.7.LTS\lib\</path>
         <kind>archive</kind>
         <file>rtsv7M4_T_le_eabi.lib</file>
         <name>copy_zero_init.c.obj</name>
      </input_file>
      <input_file id="fl-dd">
         <path>C:\ti\ccs1011\ccs\tools\compiler\ti-cgt-arm_20.2.7.LTS\lib\</path>
         <kind>archive</kind>
         <file>rtsv7M4_T_le_eabi.lib</file>
         <name>copy_decompress_none.c.obj</name>
      </input_file>
      <input_file id="fl-de">
         <path>C:\ti\ccs1011\ccs\tools\compiler\ti-cgt-arm_20.2.7.LTS\lib\</path>
         <kind>archive</kind>
         <file>rtsv7M4_T_le_eabi.lib</file>
         <name>copy_decompress_lzss.c.obj</name>
      </input_file>
      <input_file id="fl-df">
         <path>C:\ti\ccs1011\ccs\tools\compiler\ti-cgt-arm_20.2.7.LTS\lib\</path>
         <kind>archive</kind>
         <file>rtsv7M4_T_le_eabi.lib</file>
         <name>memory.c.obj</name>
      </input_file>
      <input_file id="fl-e0">
         <path>C:\ti\ccs1011\ccs\tools\compiler\ti-cgt-arm_20.2.7.LTS\lib\</path>
         <kind>archive</kind>
         <file>rtsv7M4_T_le_eabi.lib</file>
         <name>boot_cortex_m.c.obj</name>
      </input_file>
      <input_file id="fl-e1">
         <path>C:\ti\ccs1011\ccs\tools\compiler\ti-cgt-arm_20.2.7.LTS\lib\</path>
         <kind>archive</kind>
         <file>rtsv7M4_T_le_eabi.lib</file>
         <name>div0.asm.obj</name>
      </input_file>
      <input_file id="fl-e2">
         <path>C:\ti\ccs1011\ccs\tools\compiler\ti-cgt-arm_20.2.7.LTS\lib\</path>
         <kind>archive</kind>
         <file>rtsv7M4_T_le_eabi.lib</file>
         <name>memset_t2.asm.obj</name>
      </input_file>
      <input_file id="fl-e3">
         <path>C:\ti\ccs1011\ccs\tools\compiler\ti-cgt-arm_20.2.7.LTS\lib\</path>
         <kind>archive</kind>
         <file>rtsv7M4_T_le_eabi.lib</file>
         <name>autoinit.c.obj</name>
      </input_file>
      <input_file id="fl-e4">
         <path>C:\ti\ccs1011\ccs\tools\compiler\ti-cgt-arm_20.2.7.LTS\lib\</path>
         <kind>archive</kind>
         <file>rtsv7M4_T_le_eabi.lib</file>
         <name>pre_init.c.obj</name>
      </input_file>
      <input_file id="fl-e5">
         <path>C:\ti\ccs1011\ccs\tools\compiler\ti-cgt-arm_20.2.7.LTS\lib\</path>
         <kind>archive</kind>
         <file>rtsv7M4_T_le_eabi.lib</file>
         <name>cpy_tbl.c.obj</name>
      </input_file>
      <input_file id="fl-e6">
         <path>C:\ti\ccs1011\ccs\tools\compiler\ti-cgt-arm_20.2.7.LTS\lib\</path>
         <kind>archive</kind>
         <file>rtsv7M4_T_le_eabi.lib</file>
         <name>exit.c.obj</name>
      </input_file>
      <input_file id="fl-e7">
         <path>C:\ti\ccs1011\ccs\tools\compiler\ti-cgt-arm_20.2.7.LTS\lib\</path>
         <kind>archive</kind>
         <file>rtsv7M4_T_le_eabi.lib</file>
         <name>_lock.c.obj</name>
      </input_file>
      <input_file id="fl-e8">
         <path>C:\ti\ccs1011\ccs\tools\compiler\ti-cgt-arm_20.2.7.LTS\lib\</path>
         <kind>archive</kind>
         <file>rtsv7M4_T_le_eabi.lib</file>
         <name>args_main.c.obj</name>
      </input_file>
   </input_file_list>
   <object_component_list>
      <object_component id="oc-1a9">
         <name>.text:PRCMCC3200MCUInit</name>
         <load_address>0x2000c040</load_address>
         <run_address>0x2000c040</run_address>
         <size>0x42c</size>
         <input_file_ref idref="fl-20"/>
      </object_component>
      <object_component id="oc-4cf">
         <name>.text:UARTCC32XX_open</name>
         <load_address>0x2000c46c</load_address>
         <run_address>0x2000c46c</run_address>
         <size>0x288</size>
         <input_file_ref idref="fl-12"/>
      </object_component>
      <object_component id="oc-1c9">
         <name>.text:GPIO_setConfig</name>
         <load_address>0x2000c6f4</load_address>
         <run_address>0x2000c6f4</run_address>
         <size>0x1e4</size>
         <input_file_ref idref="fl-f"/>
      </object_component>
      <object_component id="oc-357">
         <name>.text:PowerCC32XX_sleepPolicy</name>
         <load_address>0x2000c8d8</load_address>
         <run_address>0x2000c8d8</run_address>
         <size>0x19c</size>
         <input_file_ref idref="fl-19"/>
      </object_component>
      <object_component id="oc-539">
         <name>.text:parkPins</name>
         <load_address>0x2000ca74</load_address>
         <run_address>0x2000ca74</run_address>
         <size>0x148</size>
         <input_file_ref idref="fl-10"/>
      </object_component>
      <object_component id="oc-45d">
         <name>.text:Power_sleep</name>
         <load_address>0x2000cbbc</load_address>
         <run_address>0x2000cbbc</run_address>
         <size>0x138</size>
         <input_file_ref idref="fl-10"/>
      </object_component>
      <object_component id="oc-4bd">
         <name>.text:UARTCC32XX_close</name>
         <load_address>0x2000ccf4</load_address>
         <run_address>0x2000ccf4</run_address>
         <size>0x120</size>
         <input_file_ref idref="fl-12"/>
      </object_component>
      <object_component id="oc-501">
         <name>.text:aligned_alloc</name>
         <load_address>0x2000ce14</load_address>
         <run_address>0x2000ce14</run_address>
         <size>0x100</size>
         <input_file_ref idref="fl-df"/>
      </object_component>
      <object_component id="oc-4c3">
         <name>.text:UARTCC32XX_control</name>
         <load_address>0x2000cf14</load_address>
         <run_address>0x2000cf14</run_address>
         <size>0xf2</size>
         <input_file_ref idref="fl-12"/>
      </object_component>
      <object_component id="oc-1b5">
         <name>.text:Board_initHook</name>
         <load_address>0x2000d006</load_address>
         <run_address>0x2000d006</run_address>
         <size>0x2</size>
         <input_file_ref idref="fl-4"/>
      </object_component>
      <object_component id="oc-15e">
         <name>.text:mainThread</name>
         <load_address>0x2000d008</load_address>
         <run_address>0x2000d008</run_address>
         <size>0xe8</size>
         <input_file_ref idref="fl-3"/>
      </object_component>
      <object_component id="oc-373">
         <name>.text:free</name>
         <load_address>0x2000d0f0</load_address>
         <run_address>0x2000d0f0</run_address>
         <size>0xe4</size>
         <input_file_ref idref="fl-df"/>
      </object_component>
      <object_component id="oc-4e7">
         <name>.text:UARTCC32XX_write</name>
         <load_address>0x2000d1d4</load_address>
         <run_address>0x2000d1d4</run_address>
         <size>0xca</size>
         <input_file_ref idref="fl-12"/>
      </object_component>
      <object_component id="oc-351">
         <name>.text:PowerCC32XX_initPolicy</name>
         <load_address>0x2000d29e</load_address>
         <run_address>0x2000d29e</run_address>
         <size>0x2</size>
         <input_file_ref idref="fl-19"/>
      </object_component>
      <object_component id="oc-1bd">
         <name>.text:GPIO_init</name>
         <load_address>0x2000d2a0</load_address>
         <run_address>0x2000d2a0</run_address>
         <size>0xc4</size>
         <input_file_ref idref="fl-f"/>
      </object_component>
      <object_component id="oc-556">
         <name>.text:restoreParkedPins</name>
         <load_address>0x2000d364</load_address>
         <run_address>0x2000d364</run_address>
         <size>0xc0</size>
         <input_file_ref idref="fl-10"/>
      </object_component>
      <object_component id="oc-4db">
         <name>.text:UARTCC32XX_readPolling</name>
         <load_address>0x2000d424</load_address>
         <run_address>0x2000d424</run_address>
         <size>0xba</size>
         <input_file_ref idref="fl-12"/>
      </object_component>
      <object_component id="oc-4c9">
         <name>.text:UARTCC32XX_init</name>
         <load_address>0x2000d4de</load_address>
         <run_address>0x2000d4de</run_address>
         <size>0x2</size>
         <input_file_ref idref="fl-12"/>
      </object_component>
      <object_component id="oc-5e3">
         <name>.text:initHw</name>
         <load_address>0x2000d4e0</load_address>
         <run_address>0x2000d4e0</run_address>
         <size>0xb8</size>
         <input_file_ref idref="fl-12"/>
      </object_component>
      <object_component id="oc-6c9">
         <name>.text:readTaskCallback</name>
         <load_address>0x2000d598</load_address>
         <run_address>0x2000d598</run_address>
         <size>0xb6</size>
         <input_file_ref idref="fl-12"/>
      </object_component>
      <object_component id="oc-6b7">
         <name>.text:readTaskBlocking</name>
         <load_address>0x2000d64e</load_address>
         <run_address>0x2000d64e</run_address>
         <size>0xb0</size>
         <input_file_ref idref="fl-12"/>
      </object_component>
      <object_component id="oc-6bd">
         <name>.text:readIsrTextBlocking</name>
         <load_address>0x2000d6fe</load_address>
         <run_address>0x2000d6fe</run_address>
         <size>0xae</size>
         <input_file_ref idref="fl-12"/>
      </object_component>
      <object_component id="oc-b5">
         <name>.text:IntEnable</name>
         <load_address>0x2000d7ac</load_address>
         <run_address>0x2000d7ac</run_address>
         <size>0xa8</size>
         <input_file_ref idref="fl-1e"/>
      </object_component>
      <object_component id="oc-270">
         <name>.text:PowerCC32XX_configureWakeup</name>
         <load_address>0x2000d854</load_address>
         <run_address>0x2000d854</run_address>
         <size>0xa8</size>
         <input_file_ref idref="fl-10"/>
      </object_component>
      <object_component id="oc-6cf">
         <name>.text:readIsrTextCallback</name>
         <load_address>0x2000d8fc</load_address>
         <run_address>0x2000d8fc</run_address>
         <size>0xa2</size>
         <input_file_ref idref="fl-12"/>
      </object_component>
      <object_component id="oc-61a">
         <name>.text:writeData</name>
         <load_address>0x2000d99e</load_address>
         <run_address>0x2000d99e</run_address>
         <size>0xa2</size>
         <input_file_ref idref="fl-12"/>
      </object_component>
      <object_component id="oc-296">
         <name>.text:SemaphoreP_pend</name>
         <load_address>0x2000da40</load_address>
         <run_address>0x2000da40</run_address>
         <size>0xa0</size>
         <input_file_ref idref="fl-16"/>
      </object_component>
      <object_component id="oc-3b">
         <name>.text</name>
         <load_address>0x2000dae0</load_address>
         <run_address>0x2000dae0</run_address>
         <size>0x9c</size>
         <input_file_ref idref="fl-da"/>
      </object_component>
      <object_component id="oc-2b8">
         <name>.text:powerNotifyFxn</name>
         <load_address>0x2000db7c</load_address>
         <run_address>0x2000db7c</run_address>
         <size>0x98</size>
         <input_file_ref idref="fl-f"/>
      </object_component>
      <object_component id="oc-458">
         <name>.text</name>
         <load_address>0x2000dc14</load_address>
         <run_address>0x2000dc14</run_address>
         <size>0x96</size>
         <input_file_ref idref="fl-db"/>
      </object_component>
      <object_component id="oc-319">
         <name>.text:_nop</name>
         <load_address>0x2000dcaa</load_address>
         <run_address>0x2000dcaa</run_address>
         <size>0x2</size>
         <input_file_ref idref="fl-e7"/>
      </object_component>
      <object_component id="oc-54a">
         <name>.text:restoreNVICRegs</name>
         <load_address>0x2000dcac</load_address>
         <run_address>0x2000dcac</run_address>
         <size>0x90</size>
         <input_file_ref idref="fl-10"/>
      </object_component>
      <object_component id="oc-3e8">
         <name>.text:HwiP_construct</name>
         <load_address>0x2000dd3c</load_address>
         <run_address>0x2000dd3c</run_address>
         <size>0x8c</size>
         <input_file_ref idref="fl-18"/>
      </object_component>
      <object_component id="oc-679">
         <name>.text:IntPendSet</name>
         <load_address>0x2000ddc8</load_address>
         <run_address>0x2000ddc8</run_address>
         <size>0x88</size>
         <input_file_ref idref="fl-1e"/>
      </object_component>
      <object_component id="oc-2cc">
         <name>.text:PinConfigSet</name>
         <load_address>0x2000de50</load_address>
         <run_address>0x2000de50</run_address>
         <size>0x88</size>
         <input_file_ref idref="fl-1f"/>
      </object_component>
      <object_component id="oc-1af">
         <name>.text:Power_init</name>
         <load_address>0x2000ded8</load_address>
         <run_address>0x2000ded8</run_address>
         <size>0x84</size>
         <input_file_ref idref="fl-10"/>
      </object_component>
      <object_component id="oc-53f">
         <name>.text:saveNVICRegs</name>
         <load_address>0x2000df5c</load_address>
         <run_address>0x2000df5c</run_address>
         <size>0x84</size>
         <input_file_ref idref="fl-10"/>
      </object_component>
      <object_component id="oc-2d2">
         <name>.text:Power_setDependency</name>
         <load_address>0x2000dfe0</load_address>
         <run_address>0x2000dfe0</run_address>
         <size>0x80</size>
         <input_file_ref idref="fl-10"/>
      </object_component>
      <object_component id="oc-6b1">
         <name>.text:readIsrBinaryBlocking</name>
         <load_address>0x2000e060</load_address>
         <run_address>0x2000e060</run_address>
         <size>0x7c</size>
         <input_file_ref idref="fl-12"/>
      </object_component>
      <object_component id="oc-2f6">
         <name>.text:GPIO_hwiIntFxn</name>
         <load_address>0x2000e0dc</load_address>
         <run_address>0x2000e0dc</run_address>
         <size>0x78</size>
         <input_file_ref idref="fl-f"/>
      </object_component>
      <object_component id="oc-6c3">
         <name>.text:readIsrBinaryCallback</name>
         <load_address>0x2000e154</load_address>
         <run_address>0x2000e154</run_address>
         <size>0x78</size>
         <input_file_ref idref="fl-12"/>
      </object_component>
      <object_component id="oc-5f2">
         <name>.text:UARTCC32XX_hwiIntFxn</name>
         <load_address>0x2000e1cc</load_address>
         <run_address>0x2000e1cc</run_address>
         <size>0x74</size>
         <input_file_ref idref="fl-12"/>
      </object_component>
      <object_component id="oc-627">
         <name>.text:split</name>
         <load_address>0x2000e240</load_address>
         <run_address>0x2000e240</run_address>
         <size>0x70</size>
         <input_file_ref idref="fl-df"/>
      </object_component>
      <object_component id="oc-14">
         <name>.text:decompress:lzss:__TI_decompress_lzss</name>
         <load_address>0x2000e2b0</load_address>
         <run_address>0x2000e2b0</run_address>
         <size>0x68</size>
         <input_file_ref idref="fl-de"/>
      </object_component>
      <object_component id="oc-4f3">
         <name>.text:UARTCC32XX_writeCancel</name>
         <load_address>0x2000e318</load_address>
         <run_address>0x2000e318</run_address>
         <size>0x66</size>
         <input_file_ref idref="fl-12"/>
      </object_component>
      <object_component id="oc-73">
         <name>.text:busFaultHandler</name>
         <load_address>0x2000e37e</load_address>
         <run_address>0x2000e37e</run_address>
         <size>0x2</size>
         <input_file_ref idref="fl-1a"/>
      </object_component>
      <object_component id="oc-3c3">
         <name>.text:PowerCC32XX_setParkState</name>
         <load_address>0x2000e380</load_address>
         <run_address>0x2000e380</run_address>
         <size>0x64</size>
         <input_file_ref idref="fl-10"/>
      </object_component>
      <object_component id="oc-4ed">
         <name>.text:UARTCC32XX_writePolling</name>
         <load_address>0x2000e3e4</load_address>
         <run_address>0x2000e3e4</run_address>
         <size>0x62</size>
         <input_file_ref idref="fl-12"/>
      </object_component>
      <object_component id="oc-398">
         <name>.text:clkFxn</name>
         <load_address>0x2000e446</load_address>
         <run_address>0x2000e446</run_address>
         <size>0x2</size>
         <input_file_ref idref="fl-16"/>
      </object_component>
      <object_component id="oc-23e">
         <name>.text:PRCMSysResetCauseGet</name>
         <load_address>0x2000e448</load_address>
         <run_address>0x2000e448</run_address>
         <size>0x60</size>
         <input_file_ref idref="fl-20"/>
      </object_component>
      <object_component id="oc-29c">
         <name>.text:GPIO_setCallback</name>
         <load_address>0x2000e4a8</load_address>
         <run_address>0x2000e4a8</run_address>
         <size>0x5c</size>
         <input_file_ref idref="fl-f"/>
      </object_component>
      <object_component id="oc-63f">
         <name>.text:sysTickInit</name>
         <load_address>0x2000e504</load_address>
         <run_address>0x2000e504</run_address>
         <size>0x5c</size>
         <input_file_ref idref="fl-17"/>
      </object_component>
      <object_component id="oc-1e1">
         <name>.text:GPIO_write</name>
         <load_address>0x2000e560</load_address>
         <run_address>0x2000e560</run_address>
         <size>0x58</size>
         <input_file_ref idref="fl-f"/>
      </object_component>
      <object_component id="oc-257">
         <name>.text:PRCMPeripheralReset</name>
         <load_address>0x2000e5b8</load_address>
         <run_address>0x2000e5b8</run_address>
         <size>0x58</size>
         <input_file_ref idref="fl-20"/>
      </object_component>
      <object_component id="oc-59e">
         <name>.text:Power_releaseDependency</name>
         <load_address>0x2000e610</load_address>
         <run_address>0x2000e610</run_address>
         <size>0x58</size>
         <input_file_ref idref="fl-10"/>
      </object_component>
      <object_component id="oc-717">
         <name>.text:ringBufGet</name>
         <load_address>0x2000e668</load_address>
         <run_address>0x2000e668</run_address>
         <size>0x54</size>
         <input_file_ref idref="fl-12"/>
      </object_component>
      <object_component id="oc-656">
         <name>.text:PowerCC32XX_resumeLPDS</name>
         <load_address>0x2000e6bc</load_address>
         <run_address>0x2000e6bc</run_address>
         <size>0x52</size>
         <input_file_ref idref="fl-11"/>
      </object_component>
      <object_component id="oc-6d">
         <name>.text:defaultHandler</name>
         <load_address>0x2000e70e</load_address>
         <run_address>0x2000e70e</run_address>
         <size>0x2</size>
         <input_file_ref idref="fl-1a"/>
      </object_component>
      <object_component id="oc-79">
         <name>.text:ClockP_sysTickHandler</name>
         <load_address>0x2000e710</load_address>
         <run_address>0x2000e710</run_address>
         <size>0x50</size>
         <input_file_ref idref="fl-17"/>
      </object_component>
      <object_component id="oc-47e">
         <name>.text:SemaphoreP_construct</name>
         <load_address>0x2000e760</load_address>
         <run_address>0x2000e760</run_address>
         <size>0x50</size>
         <input_file_ref idref="fl-16"/>
      </object_component>
      <object_component id="oc-3c9">
         <name>.text:GPIO_enableInt</name>
         <load_address>0x2000e7b0</load_address>
         <run_address>0x2000e7b0</run_address>
         <size>0x4c</size>
         <input_file_ref idref="fl-f"/>
      </object_component>
      <object_component id="oc-64d">
         <name>.text:PowerCC32XX_parkPin</name>
         <load_address>0x2000e7fc</load_address>
         <run_address>0x2000e7fc</run_address>
         <size>0x4c</size>
         <input_file_ref idref="fl-10"/>
      </object_component>
      <object_component id="oc-550">
         <name>.text:restorePeriphClocks</name>
         <load_address>0x2000e848</load_address>
         <run_address>0x2000e848</run_address>
         <size>0x4c</size>
         <input_file_ref idref="fl-10"/>
      </object_component>
      <object_component id="oc-671">
         <name>.text:FlashDisable</name>
         <load_address>0x2000e894</load_address>
         <run_address>0x2000e894</run_address>
         <size>0x48</size>
         <input_file_ref idref="fl-23"/>
      </object_component>
      <object_component id="oc-55c">
         <name>.text:PRCMLPDSEnter</name>
         <load_address>0x2000e8dc</load_address>
         <run_address>0x2000e8dc</run_address>
         <size>0x48</size>
         <input_file_ref idref="fl-20"/>
      </object_component>
      <object_component id="oc-251">
         <name>.text:PRCMPeripheralClkEnable</name>
         <load_address>0x2000e924</load_address>
         <run_address>0x2000e924</run_address>
         <size>0x48</size>
         <input_file_ref idref="fl-20"/>
      </object_component>
      <object_component id="oc-592">
         <name>.text:Power_releaseConstraint</name>
         <load_address>0x2000e96c</load_address>
         <run_address>0x2000e96c</run_address>
         <size>0x48</size>
         <input_file_ref idref="fl-10"/>
      </object_component>
      <object_component id="oc-704">
         <name>.text:RingBuf_put</name>
         <load_address>0x2000e9b4</load_address>
         <run_address>0x2000e9b4</run_address>
         <size>0x46</size>
         <input_file_ref idref="fl-14"/>
      </object_component>
      <object_component id="oc-67">
         <name>.text:faultISR</name>
         <load_address>0x2000e9fa</load_address>
         <run_address>0x2000e9fa</run_address>
         <size>0x2</size>
         <input_file_ref idref="fl-1a"/>
      </object_component>
      <object_component id="oc-4a6">
         <name>.text:ClockP_stop</name>
         <load_address>0x2000e9fc</load_address>
         <run_address>0x2000e9fc</run_address>
         <size>0x44</size>
         <input_file_ref idref="fl-17"/>
      </object_component>
      <object_component id="oc-65b">
         <name>.text:PRCMLPDSRestoreInfoSet</name>
         <load_address>0x2000ea40</load_address>
         <run_address>0x2000ea40</run_address>
         <size>0x44</size>
         <input_file_ref idref="fl-20"/>
      </object_component>
      <object_component id="oc-545">
         <name>.text:PowerCC32XX_enterLPDS</name>
         <load_address>0x2000ea84</load_address>
         <run_address>0x2000ea84</run_address>
         <size>0x44</size>
         <input_file_ref idref="fl-11"/>
      </object_component>
      <object_component id="oc-2a8">
         <name>.text:SemaphoreP_post</name>
         <load_address>0x2000eac8</load_address>
         <run_address>0x2000eac8</run_address>
         <size>0x44</size>
         <input_file_ref idref="fl-16"/>
      </object_component>
      <object_component id="oc-46e">
         <name>.text:SwiP_restore</name>
         <load_address>0x2000eb0c</load_address>
         <run_address>0x2000eb0c</run_address>
         <size>0x44</size>
         <input_file_ref idref="fl-1b"/>
      </object_component>
      <object_component id="oc-1c3">
         <name>.text:UART_init</name>
         <load_address>0x2000eb50</load_address>
         <run_address>0x2000eb50</run_address>
         <size>0x44</size>
         <input_file_ref idref="fl-e"/>
      </object_component>
      <object_component id="oc-171">
         <name>.text:__TI_auto_init_nobinit_nopinit:__TI_auto_init_nobinit_nopinit</name>
         <load_address>0x2000eb94</load_address>
         <run_address>0x2000eb94</run_address>
         <size>0x44</size>
         <input_file_ref idref="fl-e3"/>
      </object_component>
      <object_component id="oc-6a0">
         <name>.text:ClockP_construct</name>
         <load_address>0x2000ebd8</load_address>
         <run_address>0x2000ebd8</run_address>
         <size>0x40</size>
         <input_file_ref idref="fl-17"/>
      </object_component>
      <object_component id="oc-269">
         <name>.text:PinModeSet</name>
         <load_address>0x2000ec18</load_address>
         <run_address>0x2000ec18</run_address>
         <size>0x40</size>
         <input_file_ref idref="fl-1f"/>
      </object_component>
      <object_component id="oc-60c">
         <name>.text:RingBuf_get</name>
         <load_address>0x2000ec58</load_address>
         <run_address>0x2000ec58</run_address>
         <size>0x40</size>
         <input_file_ref idref="fl-14"/>
      </object_component>
      <object_component id="oc-4d5">
         <name>.text:UARTCC32XX_read</name>
         <load_address>0x2000ec98</load_address>
         <run_address>0x2000ec98</run_address>
         <size>0x40</size>
         <input_file_ref idref="fl-12"/>
      </object_component>
      <object_component id="oc-1d5">
         <name>.text:UART_open</name>
         <load_address>0x2000ecd8</load_address>
         <run_address>0x2000ecd8</run_address>
         <size>0x40</size>
         <input_file_ref idref="fl-e"/>
      </object_component>
      <object_component id="oc-392">
         <name>.text:ClockP_destruct</name>
         <load_address>0x2000ed18</load_address>
         <run_address>0x2000ed18</run_address>
         <size>0x3c</size>
         <input_file_ref idref="fl-17"/>
      </object_component>
      <object_component id="oc-5b7">
         <name>.text:Power_setConstraint</name>
         <load_address>0x2000ed54</load_address>
         <run_address>0x2000ed54</run_address>
         <size>0x3c</size>
         <input_file_ref idref="fl-10"/>
      </object_component>
      <object_component id="oc-452">
         <name>.text:getCountsRTC</name>
         <load_address>0x2000ed90</load_address>
         <run_address>0x2000ed90</run_address>
         <size>0x3a</size>
         <input_file_ref idref="fl-19"/>
      </object_component>
      <object_component id="oc-61">
         <name>.text:nmiISR</name>
         <load_address>0x2000edca</load_address>
         <run_address>0x2000edca</run_address>
         <size>0x2</size>
         <input_file_ref idref="fl-1a"/>
      </object_component>
      <object_component id="oc-562">
         <name>.text:PRCMLPDSEnterKeepDebugIf</name>
         <load_address>0x2000edcc</load_address>
         <run_address>0x2000edcc</run_address>
         <size>0x38</size>
         <input_file_ref idref="fl-20"/>
      </object_component>
      <object_component id="oc-db">
         <name>.text:addToList</name>
         <load_address>0x2000ee04</load_address>
         <run_address>0x2000ee04</run_address>
         <size>0x38</size>
         <input_file_ref idref="fl-17"/>
      </object_component>
      <object_component id="oc-59">
         <name>.text:initVectors</name>
         <load_address>0x2000ee3c</load_address>
         <run_address>0x2000ee3c</run_address>
         <size>0x38</size>
         <input_file_ref idref="fl-1a"/>
      </object_component>
      <object_component id="oc-533">
         <name>.text:notify</name>
         <load_address>0x2000ee74</load_address>
         <run_address>0x2000ee74</run_address>
         <size>0x38</size>
         <input_file_ref idref="fl-10"/>
      </object_component>
      <object_component id="oc-4e1">
         <name>.text:UARTCC32XX_readCancel</name>
         <load_address>0x2000eeac</load_address>
         <run_address>0x2000eeac</run_address>
         <size>0x36</size>
         <input_file_ref idref="fl-12"/>
      </object_component>
      <object_component id="oc-52d">
         <name>.text</name>
         <load_address>0x2000eee2</load_address>
         <run_address>0x2000eee2</run_address>
         <size>0x2</size>
         <input_file_ref idref="fl-e1"/>
      </object_component>
      <object_component id="oc-440">
         <name>.text:ClockP_getTicksUntilInterrupt</name>
         <load_address>0x2000eee4</load_address>
         <run_address>0x2000eee4</run_address>
         <size>0x34</size>
         <input_file_ref idref="fl-17"/>
      </object_component>
      <object_component id="oc-524">
         <name>.text:ClockP_startup</name>
         <load_address>0x2000ef18</load_address>
         <run_address>0x2000ef18</run_address>
         <size>0x34</size>
         <input_file_ref idref="fl-17"/>
      </object_component>
      <object_component id="oc-263">
         <name>.text:PinModeGet</name>
         <load_address>0x2000ef4c</load_address>
         <run_address>0x2000ef4c</run_address>
         <size>0x34</size>
         <input_file_ref idref="fl-1f"/>
      </object_component>
      <object_component id="oc-5a4">
         <name>.text:PowerCC32XX_restoreParkState</name>
         <load_address>0x2000ef80</load_address>
         <run_address>0x2000ef80</run_address>
         <size>0x34</size>
         <input_file_ref idref="fl-10"/>
      </object_component>
      <object_component id="oc-380">
         <name>.text:ClockP_start</name>
         <load_address>0x2000efb4</load_address>
         <run_address>0x2000efb4</run_address>
         <size>0x30</size>
         <input_file_ref idref="fl-17"/>
      </object_component>
      <object_component id="oc-66a">
         <name>.text:PowerCC32XX_restoreParkedPin</name>
         <load_address>0x2000efe4</load_address>
         <run_address>0x2000efe4</run_address>
         <size>0x30</size>
         <input_file_ref idref="fl-10"/>
      </object_component>
      <object_component id="oc-5d1">
         <name>.text:PowerCC32XX_getParkState</name>
         <load_address>0x2000f014</load_address>
         <run_address>0x2000f014</run_address>
         <size>0x2c</size>
         <input_file_ref idref="fl-10"/>
      </object_component>
      <object_component id="oc-2de">
         <name>.text:HwiP_create</name>
         <load_address>0x2000f040</load_address>
         <run_address>0x2000f040</run_address>
         <size>0x2a</size>
         <input_file_ref idref="fl-18"/>
      </object_component>
      <object_component id="oc-25d">
         <name>.text:PRCMPeripheralClkDisable</name>
         <load_address>0x2000f06c</load_address>
         <run_address>0x2000f06c</run_address>
         <size>0x28</size>
         <input_file_ref idref="fl-20"/>
      </object_component>
      <object_component id="oc-2a2">
         <name>.text:Power_registerNotify</name>
         <load_address>0x2000f094</load_address>
         <run_address>0x2000f094</run_address>
         <size>0x28</size>
         <input_file_ref idref="fl-10"/>
      </object_component>
      <object_component id="oc-49e">
         <name>.text:free_list_insert</name>
         <load_address>0x2000f0bc</load_address>
         <run_address>0x2000f0bc</run_address>
         <size>0x28</size>
         <input_file_ref idref="fl-df"/>
      </object_component>
      <object_component id="oc-3a3">
         <name>.text:List_put</name>
         <load_address>0x2000f0e4</load_address>
         <run_address>0x2000f0e4</run_address>
         <size>0x26</size>
         <input_file_ref idref="fl-13"/>
      </object_component>
      <object_component id="oc-68e">
         <name>.text:List_remove</name>
         <load_address>0x2000f10a</load_address>
         <run_address>0x2000f10a</run_address>
         <size>0x26</size>
         <input_file_ref idref="fl-13"/>
      </object_component>
      <object_component id="oc-50b">
         <name>.text:HwiP_dispatch</name>
         <load_address>0x2000f130</load_address>
         <run_address>0x2000f130</run_address>
         <size>0x24</size>
         <input_file_ref idref="fl-18"/>
      </object_component>
      <object_component id="oc-5cb">
         <name>.text:PowerCC32XX_reset</name>
         <load_address>0x2000f154</load_address>
         <run_address>0x2000f154</run_address>
         <size>0x24</size>
         <input_file_ref idref="fl-10"/>
      </object_component>
      <object_component id="oc-c5">
         <name>.text:_c_int00_noargs:_c_int00_noargs</name>
         <load_address>0x2000f178</load_address>
         <run_address>0x2000f178</run_address>
         <size>0x24</size>
         <input_file_ref idref="fl-e0"/>
      </object_component>
      <object_component id="oc-685">
         <name>.text:HwiP_destruct</name>
         <load_address>0x2000f19c</load_address>
         <run_address>0x2000f19c</run_address>
         <size>0x20</size>
         <input_file_ref idref="fl-18"/>
      </object_component>
      <object_component id="oc-598">
         <name>.text:Power_unregisterNotify</name>
         <load_address>0x2000f1bc</load_address>
         <run_address>0x2000f1bc</run_address>
         <size>0x20</size>
         <input_file_ref idref="fl-10"/>
      </object_component>
      <object_component id="oc-5b1">
         <name>.text:RingBuf_peek</name>
         <load_address>0x2000f1dc</load_address>
         <run_address>0x2000f1dc</run_address>
         <size>0x20</size>
         <input_file_ref idref="fl-14"/>
      </object_component>
      <object_component id="oc-5c5">
         <name>.text:getPowerMgrId</name>
         <load_address>0x2000f1fc</load_address>
         <run_address>0x2000f1fc</run_address>
         <size>0x20</size>
         <input_file_ref idref="fl-12"/>
      </object_component>
      <object_component id="oc-5aa">
         <name>.text:PinToPadGet</name>
         <load_address>0x2000f21c</load_address>
         <run_address>0x2000f21c</run_address>
         <size>0x1c</size>
         <input_file_ref idref="fl-1f"/>
      </object_component>
      <object_component id="oc-434">
         <name>.text:SwiP_disable</name>
         <load_address>0x2000f238</load_address>
         <run_address>0x2000f238</run_address>
         <size>0x1c</size>
         <input_file_ref idref="fl-1b"/>
      </object_component>
      <object_component id="oc-47">
         <name>.text:decompress:ZI:__TI_zero_init_nomemset:__TI_zero_init_nomemset</name>
         <load_address>0x2000f254</load_address>
         <run_address>0x2000f254</run_address>
         <size>0x1c</size>
         <input_file_ref idref="fl-dc"/>
      </object_component>
      <object_component id="oc-498">
         <name>.text:free_list_remove</name>
         <load_address>0x2000f270</load_address>
         <run_address>0x2000f270</run_address>
         <size>0x1c</size>
         <input_file_ref idref="fl-df"/>
      </object_component>
      <object_component id="oc-5dd">
         <name>.text:ClockP_create</name>
         <load_address>0x2000f28c</load_address>
         <run_address>0x2000f28c</run_address>
         <size>0x1a</size>
         <input_file_ref idref="fl-17"/>
      </object_component>
      <object_component id="oc-27e">
         <name>.text:SemaphoreP_createBinary</name>
         <load_address>0x2000f2a6</load_address>
         <run_address>0x2000f2a6</run_address>
         <size>0x1a</size>
         <input_file_ref idref="fl-16"/>
      </object_component>
      <object_component id="oc-21">
         <name>.text:resetISR</name>
         <load_address>0x2000f2c0</load_address>
         <run_address>0x2000f2c0</run_address>
         <size>0x1a</size>
         <input_file_ref idref="fl-1a"/>
      </object_component>
      <object_component id="oc-446">
         <name>.text:Power_getTransitionLatency</name>
         <load_address>0x2000f2dc</load_address>
         <run_address>0x2000f2dc</run_address>
         <size>0x18</size>
         <input_file_ref idref="fl-10"/>
      </object_component>
      <object_component id="oc-575">
         <name>.text:Power_idleFunc</name>
         <load_address>0x2000f2f4</load_address>
         <run_address>0x2000f2f4</run_address>
         <size>0x18</size>
         <input_file_ref idref="fl-10"/>
      </object_component>
      <object_component id="oc-614">
         <name>.text:UARTBusy</name>
         <load_address>0x2000f30c</load_address>
         <run_address>0x2000f30c</run_address>
         <size>0x18</size>
         <input_file_ref idref="fl-21"/>
      </object_component>
      <object_component id="oc-6e4">
         <name>.text:UARTIntEnable</name>
         <load_address>0x2000f324</load_address>
         <run_address>0x2000f324</run_address>
         <size>0x18</size>
         <input_file_ref idref="fl-21"/>
      </object_component>
      <object_component id="oc-1cf">
         <name>.text:UART_Params_init</name>
         <load_address>0x2000f33c</load_address>
         <run_address>0x2000f33c</run_address>
         <size>0x18</size>
         <input_file_ref idref="fl-e"/>
      </object_component>
      <object_component id="oc-463">
         <name>.text</name>
         <load_address>0x2000f354</load_address>
         <run_address>0x2000f354</run_address>
         <size>0x18</size>
         <input_file_ref idref="fl-d9"/>
      </object_component>
      <object_component id="oc-24b">
         <name>.text:PRCMHIBRegRead</name>
         <load_address>0x2000f36c</load_address>
         <run_address>0x2000f36c</run_address>
         <size>0x16</size>
         <input_file_ref idref="fl-20"/>
      </object_component>
      <object_component id="oc-245">
         <name>.text:PRCMHIBRegWrite</name>
         <load_address>0x2000f382</load_address>
         <run_address>0x2000f382</run_address>
         <size>0x16</size>
         <input_file_ref idref="fl-20"/>
      </object_component>
      <object_component id="oc-368">
         <name>.text:SemaphoreP_create</name>
         <load_address>0x2000f398</load_address>
         <run_address>0x2000f398</run_address>
         <size>0x16</size>
         <input_file_ref idref="fl-16"/>
      </object_component>
      <object_component id="oc-a3">
         <name>.text:CPUcpsid</name>
         <load_address>0x2000f3ae</load_address>
         <run_address>0x2000f3ae</run_address>
         <size>0x14</size>
         <input_file_ref idref="fl-1d"/>
      </object_component>
      <object_component id="oc-3aa">
         <name>.text:HwiP_inISR</name>
         <load_address>0x2000f3c4</load_address>
         <run_address>0x2000f3c4</run_address>
         <size>0x14</size>
         <input_file_ref idref="fl-18"/>
      </object_component>
      <object_component id="oc-af">
         <name>.text:IntVTableBaseSet</name>
         <load_address>0x2000f3d8</load_address>
         <run_address>0x2000f3d8</run_address>
         <size>0x14</size>
         <input_file_ref idref="fl-1e"/>
      </object_component>
      <object_component id="oc-3b0">
         <name>.text:Power_disablePolicy</name>
         <load_address>0x2000f3ec</load_address>
         <run_address>0x2000f3ec</run_address>
         <size>0x14</size>
         <input_file_ref idref="fl-10"/>
      </object_component>
      <object_component id="oc-663">
         <name>.text:Power_getDependencyCount</name>
         <load_address>0x2000f400</load_address>
         <run_address>0x2000f400</run_address>
         <size>0x14</size>
         <input_file_ref idref="fl-10"/>
      </object_component>
      <object_component id="oc-6de">
         <name>.text:releasePowerConstraint</name>
         <load_address>0x2000f414</load_address>
         <run_address>0x2000f414</run_address>
         <size>0x14</size>
         <input_file_ref idref="fl-12"/>
      </object_component>
      <object_component id="oc-2d8">
         <name>.text:HwiP_Params_init</name>
         <load_address>0x2000f428</load_address>
         <run_address>0x2000f428</run_address>
         <size>0x12</size>
         <input_file_ref idref="fl-18"/>
      </object_component>
      <object_component id="oc-5bf">
         <name>.text:RingBuf_construct</name>
         <load_address>0x2000f43a</load_address>
         <run_address>0x2000f43a</run_address>
         <size>0x12</size>
         <input_file_ref idref="fl-14"/>
      </object_component>
      <object_component id="oc-11a">
         <name>.text:main</name>
         <load_address>0x2000f44c</load_address>
         <run_address>0x2000f44c</run_address>
         <size>0x12</size>
         <input_file_ref idref="fl-2"/>
      </object_component>
      <object_component id="oc-152">
         <name>.text:Board_init</name>
         <load_address>0x2000f45e</load_address>
         <run_address>0x2000f45e</run_address>
         <size>0x10</size>
         <input_file_ref idref="fl-4"/>
      </object_component>
      <object_component id="oc-37a">
         <name>.text:ClockP_add</name>
         <load_address>0x2000f46e</load_address>
         <run_address>0x2000f46e</run_address>
         <size>0x10</size>
         <input_file_ref idref="fl-17"/>
      </object_component>
      <object_component id="oc-58c">
         <name>.text:ClockP_delete</name>
         <load_address>0x2000f47e</load_address>
         <run_address>0x2000f47e</run_address>
         <size>0x10</size>
         <input_file_ref idref="fl-17"/>
      </object_component>
      <object_component id="oc-42e">
         <name>.text:ClockP_getCpuFreq</name>
         <load_address>0x2000f490</load_address>
         <run_address>0x2000f490</run_address>
         <size>0x10</size>
         <input_file_ref idref="fl-17"/>
      </object_component>
      <object_component id="oc-44c">
         <name>.text:ClockP_getSystemTicks</name>
         <load_address>0x2000f4a0</load_address>
         <run_address>0x2000f4a0</run_address>
         <size>0x10</size>
         <input_file_ref idref="fl-17"/>
      </object_component>
      <object_component id="oc-468">
         <name>.text:ClockP_setTicks</name>
         <load_address>0x2000f4b0</load_address>
         <run_address>0x2000f4b0</run_address>
         <size>0x10</size>
         <input_file_ref idref="fl-17"/>
      </object_component>
      <object_component id="oc-586">
         <name>.text:HwiP_delete</name>
         <load_address>0x2000f4c0</load_address>
         <run_address>0x2000f4c0</run_address>
         <size>0x10</size>
         <input_file_ref idref="fl-18"/>
      </object_component>
      <object_component id="oc-28a">
         <name>.text:HwiP_restore</name>
         <load_address>0x2000f4d0</load_address>
         <run_address>0x2000f4d0</run_address>
         <size>0x10</size>
         <input_file_ref idref="fl-18"/>
      </object_component>
      <object_component id="oc-386">
         <name>.text:Power_enablePolicy</name>
         <load_address>0x2000f4e0</load_address>
         <run_address>0x2000f4e0</run_address>
         <size>0x10</size>
         <input_file_ref idref="fl-10"/>
      </object_component>
      <object_component id="oc-362">
         <name>.text:SemaphoreP_Params_init</name>
         <load_address>0x2000f4f0</load_address>
         <run_address>0x2000f4f0</run_address>
         <size>0x10</size>
         <input_file_ref idref="fl-16"/>
      </object_component>
      <object_component id="oc-604">
         <name>.text:readBlockingTimeout</name>
         <load_address>0x2000f500</load_address>
         <run_address>0x2000f500</run_address>
         <size>0x10</size>
         <input_file_ref idref="fl-12"/>
      </object_component>
      <object_component id="oc-284">
         <name>.text:HwiP_disable</name>
         <load_address>0x2000f510</load_address>
         <run_address>0x2000f510</run_address>
         <size>0xe</size>
         <input_file_ref idref="fl-18"/>
      </object_component>
      <object_component id="oc-158">
         <name>.text:HwiP_enable</name>
         <load_address>0x2000f51e</load_address>
         <run_address>0x2000f51e</run_address>
         <size>0xe</size>
         <input_file_ref idref="fl-18"/>
      </object_component>
      <object_component id="oc-70a">
         <name>.text:RingBuf_isFull</name>
         <load_address>0x2000f52c</load_address>
         <run_address>0x2000f52c</run_address>
         <size>0xe</size>
         <input_file_ref idref="fl-14"/>
      </object_component>
      <object_component id="oc-1a">
         <name>.text:decompress:none:__TI_decompress_none</name>
         <load_address>0x2000f53a</load_address>
         <run_address>0x2000f53a</run_address>
         <size>0xe</size>
         <input_file_ref idref="fl-dd"/>
      </object_component>
      <object_component id="oc-43a">
         <name>.text:Power_getConstraintMask</name>
         <load_address>0x2000f548</load_address>
         <run_address>0x2000f548</run_address>
         <size>0xc</size>
         <input_file_ref idref="fl-10"/>
      </object_component>
      <object_component id="oc-5ec">
         <name>.text:postNotifyFxn</name>
         <load_address>0x2000f554</load_address>
         <run_address>0x2000f554</run_address>
         <size>0xc</size>
         <input_file_ref idref="fl-12"/>
      </object_component>
      <object_component id="oc-5d7">
         <name>.text:ClockP_Params_init</name>
         <load_address>0x2000f560</load_address>
         <run_address>0x2000f560</run_address>
         <size>0xa</size>
         <input_file_ref idref="fl-17"/>
      </object_component>
      <object_component id="oc-38c">
         <name>.text:ClockP_isActive</name>
         <load_address>0x2000f56a</load_address>
         <run_address>0x2000f56a</run_address>
         <size>0xa</size>
         <input_file_ref idref="fl-17"/>
      </object_component>
      <object_component id="oc-53">
         <name>.text:IntMasterDisable</name>
         <load_address>0x2000f574</load_address>
         <run_address>0x2000f574</run_address>
         <size>0xa</size>
         <input_file_ref idref="fl-1e"/>
      </object_component>
      <object_component id="oc-1db">
         <name>.text:UART_read</name>
         <load_address>0x2000f57e</load_address>
         <run_address>0x2000f57e</run_address>
         <size>0xa</size>
         <input_file_ref idref="fl-e"/>
      </object_component>
      <object_component id="oc-3e2">
         <name>.text:malloc</name>
         <load_address>0x2000f588</load_address>
         <run_address>0x2000f588</run_address>
         <size>0x8</size>
         <input_file_ref idref="fl-df"/>
      </object_component>
      <object_component id="oc-5fe">
         <name>.text:readSemCallback</name>
         <load_address>0x2000f590</load_address>
         <run_address>0x2000f590</run_address>
         <size>0x8</size>
         <input_file_ref idref="fl-12"/>
      </object_component>
      <object_component id="oc-5f8">
         <name>.text:writeSemCallback</name>
         <load_address>0x2000f598</load_address>
         <run_address>0x2000f598</run_address>
         <size>0x8</size>
         <input_file_ref idref="fl-12"/>
      </object_component>
      <object_component id="oc-244">
         <name>.text:UtilsDelay</name>
         <load_address>0x2000f5a0</load_address>
         <run_address>0x2000f5a0</run_address>
         <size>0x6</size>
         <input_file_ref idref="fl-22"/>
      </object_component>
      <object_component id="oc-711">
         <name>.text:ClockP_setTimeout</name>
         <load_address>0x2000f5a6</load_address>
         <run_address>0x2000f5a6</run_address>
         <size>0x4</size>
         <input_file_ref idref="fl-17"/>
      </object_component>
      <object_component id="oc-56b">
         <name>.text:HwiP_post</name>
         <load_address>0x2000f5aa</load_address>
         <run_address>0x2000f5aa</run_address>
         <size>0x4</size>
         <input_file_ref idref="fl-18"/>
      </object_component>
      <object_component id="oc-290">
         <name>.text:SemaphoreP_delete</name>
         <load_address>0x2000f5ae</load_address>
         <run_address>0x2000f5ae</run_address>
         <size>0x4</size>
         <input_file_ref idref="fl-16"/>
      </object_component>
      <object_component id="oc-114">
         <name>.text:_system_pre_init</name>
         <load_address>0x2000f5b2</load_address>
         <run_address>0x2000f5b2</run_address>
         <size>0x4</size>
         <input_file_ref idref="fl-e4"/>
      </object_component>
      <object_component id="oc-165">
         <name>.text:abort:abort</name>
         <load_address>0x2000f5b6</load_address>
         <run_address>0x2000f5b6</run_address>
         <size>0x4</size>
         <input_file_ref idref="fl-e6"/>
      </object_component>
      <object_component id="oc-347">
         <name>.const:g_ulPinToPadMap</name>
         <load_address>0x2000fb68</load_address>
         <run_address>0x2000fb68</run_address>
         <size>0x100</size>
         <input_file_ref idref="fl-1f"/>
      </object_component>
      <object_component id="oc-340">
         <name>.const:PRCM_PeriphRegsList</name>
         <load_address>0x2000fc68</load_address>
         <run_address>0x2000fc68</run_address>
         <size>0xa8</size>
         <input_file_ref idref="fl-20"/>
      </object_component>
      <object_component id="oc-279">
         <name>.const:PowerCC32XX_config</name>
         <load_address>0x2000fd10</load_address>
         <run_address>0x2000fd10</run_address>
         <size>0x44</size>
         <input_file_ref idref="fl-4"/>
      </object_component>
      <object_component id="oc-3d6">
         <name>.const:UARTCC32XX_fxnTable</name>
         <load_address>0x2000fd54</load_address>
         <run_address>0x2000fd54</run_address>
         <size>0x28</size>
         <input_file_ref idref="fl-12"/>
      </object_component>
      <object_component id="oc-309">
         <name>.const:UART_defaultParams</name>
         <load_address>0x2000fd7c</load_address>
         <run_address>0x2000fd7c</run_address>
         <size>0x24</size>
         <input_file_ref idref="fl-e"/>
      </object_component>
      <object_component id="oc-3da">
         <name>.const:uartCC32XXHWAttrs0</name>
         <load_address>0x2000fda0</load_address>
         <run_address>0x2000fda0</run_address>
         <size>0x24</size>
         <input_file_ref idref="fl-4"/>
      </object_component>
      <object_component id="oc-2e4">
         <name>.const:.string:pinTable</name>
         <load_address>0x2000fdc4</load_address>
         <run_address>0x2000fdc4</run_address>
         <size>0x21</size>
         <input_file_ref idref="fl-f"/>
      </object_component>
      <object_component id="oc-1e7">
         <name>.const:.string:COMMAND_ON</name>
         <load_address>0x2000fde5</load_address>
         <run_address>0x2000fde5</run_address>
         <size>0x3</size>
         <input_file_ref idref="fl-3"/>
      </object_component>
      <object_component id="oc-5e9">
         <name>.const:staticFxnTable</name>
         <load_address>0x2000fde8</load_address>
         <run_address>0x2000fde8</run_address>
         <size>0x20</size>
         <input_file_ref idref="fl-12"/>
      </object_component>
      <object_component id="oc-10e">
         <name>.const:g_pulEnRegs</name>
         <load_address>0x2000fe08</load_address>
         <run_address>0x2000fe08</run_address>
         <size>0x18</size>
         <input_file_ref idref="fl-1e"/>
      </object_component>
      <object_component id="oc-6f5">
         <name>.const:g_pulPendRegs</name>
         <load_address>0x2000fe20</load_address>
         <run_address>0x2000fe20</run_address>
         <size>0x18</size>
         <input_file_ref idref="fl-1e"/>
      </object_component>
      <object_component id="oc-2b2">
         <name>.const:GPIOCC32XX_config</name>
         <load_address>0x2000fe38</load_address>
         <run_address>0x2000fe38</run_address>
         <size>0x14</size>
         <input_file_ref idref="fl-4"/>
      </object_component>
      <object_component id="oc-2ff">
         <name>.const:gpioBaseAddresses</name>
         <load_address>0x2000fe4c</load_address>
         <run_address>0x2000fe4c</run_address>
         <size>0x14</size>
         <input_file_ref idref="fl-f"/>
      </object_component>
      <object_component id="oc-6a7">
         <name>.const:parityType</name>
         <load_address>0x2000fe60</load_address>
         <run_address>0x2000fe60</run_address>
         <size>0x14</size>
         <input_file_ref idref="fl-12"/>
      </object_component>
      <object_component id="oc-2e7">
         <name>.const:powerResources</name>
         <load_address>0x2000fe74</load_address>
         <run_address>0x2000fe74</run_address>
         <size>0x14</size>
         <input_file_ref idref="fl-f"/>
      </object_component>
      <object_component id="oc-6ad">
         <name>.const:dataLength</name>
         <load_address>0x2000fe88</load_address>
         <run_address>0x2000fe88</run_address>
         <size>0x10</size>
         <input_file_ref idref="fl-12"/>
      </object_component>
      <object_component id="oc-2c8">
         <name>.const:UART_config</name>
         <load_address>0x2000fe98</load_address>
         <run_address>0x2000fe98</run_address>
         <size>0xc</size>
         <input_file_ref idref="fl-4"/>
      </object_component>
      <object_component id="oc-2ed">
         <name>.const:outPinTypes</name>
         <load_address>0x2000fea4</load_address>
         <run_address>0x2000fea4</run_address>
         <size>0x8</size>
         <input_file_ref idref="fl-f"/>
      </object_component>
      <object_component id="oc-6aa">
         <name>.const:stopBits</name>
         <load_address>0x2000feac</load_address>
         <run_address>0x2000feac</run_address>
         <size>0x8</size>
         <input_file_ref idref="fl-12"/>
      </object_component>
      <object_component id="oc-2fc">
         <name>.const:.string:interruptType</name>
         <load_address>0x2000feb4</load_address>
         <run_address>0x2000feb4</run_address>
         <size>0x6</size>
         <input_file_ref idref="fl-f"/>
      </object_component>
      <object_component id="oc-2f0">
         <name>.const:inPinTypes</name>
         <load_address>0x2000feba</load_address>
         <run_address>0x2000feba</run_address>
         <size>0x6</size>
         <input_file_ref idref="fl-f"/>
      </object_component>
      <object_component id="oc-2ea">
         <name>.const:outPinStrengths</name>
         <load_address>0x2000fec0</load_address>
         <run_address>0x2000fec0</run_address>
         <size>0x6</size>
         <input_file_ref idref="fl-f"/>
      </object_component>
      <object_component id="oc-1ea">
         <name>.const:.string:COMMAND_OFF</name>
         <load_address>0x2000fec6</load_address>
         <run_address>0x2000fec6</run_address>
         <size>0x4</size>
         <input_file_ref idref="fl-3"/>
      </object_component>
      <object_component id="oc-2f3">
         <name>.const:.string:portInterruptIds</name>
         <load_address>0x2000feca</load_address>
         <run_address>0x2000feca</run_address>
         <size>0x4</size>
         <input_file_ref idref="fl-f"/>
      </object_component>
      <object_component id="oc-2c5">
         <name>.const</name>
         <load_address>0x2000fece</load_address>
         <run_address>0x2000fece</run_address>
         <size>0x3</size>
         <input_file_ref idref="fl-4"/>
      </object_component>
      <object_component id="oc-758">
         <name>.cinit..data.load</name>
         <load_address>0x20010108</load_address>
         <run_address>0x20010108</run_address>
         <size>0xbe</size>
      </object_component>
      <object_component id="oc-756">
         <name>__TI_handler_table</name>
         <load_address>0x200101c8</load_address>
         <run_address>0x200101c8</run_address>
         <size>0xc</size>
      </object_component>
      <object_component id="oc-759">
         <name>.cinit..bss.load</name>
         <load_address>0x200101d8</load_address>
         <run_address>0x200101d8</run_address>
         <size>0x8</size>
      </object_component>
      <object_component id="oc-757">
         <name>__TI_cinit_table</name>
         <load_address>0x200101e0</load_address>
         <run_address>0x200101e0</run_address>
         <size>0x10</size>
      </object_component>
      <object_component id="oc-3b9">
         <name>.data:gpioPinConfigs</name>
         <load_address>0x2000fb64</load_address>
         <run_address>0x2000fb64</run_address>
         <size>0x4</size>
         <input_file_ref idref="fl-4"/>
      </object_component>
      <object_component id="oc-3bc">
         <name>.data:gpioCallbackFunctions</name>
         <load_address>0x2000fb60</load_address>
         <run_address>0x2000fb60</run_address>
         <size>0x4</size>
         <input_file_ref idref="fl-4"/>
      </object_component>
      <object_component id="oc-35d">
         <name>.data:parkInfo</name>
         <load_address>0x2000fa34</load_address>
         <run_address>0x2000fa34</run_address>
         <size>0xf8</size>
         <input_file_ref idref="fl-4"/>
      </object_component>
      <object_component id="oc-2c2">
         <name>.data</name>
         <load_address>0x2000fb5d</load_address>
         <run_address>0x2000fb5d</run_address>
         <size>0x1</size>
         <input_file_ref idref="fl-e"/>
      </object_component>
      <object_component id="oc-2af">
         <name>.data</name>
         <load_address>0x2000fb2c</load_address>
         <run_address>0x2000fb2c</run_address>
         <size>0x9</size>
         <input_file_ref idref="fl-f"/>
      </object_component>
      <object_component id="oc-276">
         <name>.data:PowerCC32XX_module</name>
         <load_address>0x2000f8c8</load_address>
         <run_address>0x2000f8c8</run_address>
         <size>0x16c</size>
         <input_file_ref idref="fl-10"/>
      </object_component>
      <object_component id="oc-39e">
         <name>.data</name>
         <load_address>0x2000fb35</load_address>
         <run_address>0x2000fb35</run_address>
         <size>0x3</size>
         <input_file_ref idref="fl-16"/>
      </object_component>
      <object_component id="oc-47a">
         <name>.data:SemaphoreP_defaultParams</name>
         <load_address>0x2000fb48</load_address>
         <run_address>0x2000fb48</run_address>
         <size>0x8</size>
         <input_file_ref idref="fl-16"/>
      </object_component>
      <object_component id="oc-474">
         <name>.data</name>
         <load_address>0x2000fb58</load_address>
         <run_address>0x2000fb58</run_address>
         <size>0x5</size>
         <input_file_ref idref="fl-17"/>
      </object_component>
      <object_component id="oc-508">
         <name>.data:HwiP_dispatchTable</name>
         <load_address>0x2000f5bc</load_address>
         <run_address>0x2000f5bc</run_address>
         <size>0x30c</size>
         <input_file_ref idref="fl-18"/>
      </object_component>
      <object_component id="oc-511">
         <name>.data</name>
         <load_address>0x2000fb50</load_address>
         <run_address>0x2000fb50</run_address>
         <size>0x8</size>
         <input_file_ref idref="fl-18"/>
      </object_component>
      <object_component id="oc-57e">
         <name>.data:$O1$$</name>
         <load_address>0x2000fb40</load_address>
         <run_address>0x2000fb40</run_address>
         <size>0x8</size>
         <input_file_ref idref="fl-df"/>
      </object_component>
      <object_component id="oc-1f8">
         <name>.data:$O1$$</name>
         <load_address>0x2000fb38</load_address>
         <run_address>0x2000fb38</run_address>
         <size>0x8</size>
         <input_file_ref idref="fl-e7"/>
      </object_component>
      <object_component id="oc-4fc">
         <name>.bss:uartCC32XXRingBuffer0</name>
         <uninitialized>true</uninitialized>
         <run_address>0x200100a8</run_address>
         <size>0x20</size>
         <input_file_ref idref="fl-4"/>
      </object_component>
      <object_component id="oc-2be">
         <name>.bss:gpioCallbackInfo</name>
         <uninitialized>true</uninitialized>
         <run_address>0x20010088</run_address>
         <size>0x20</size>
         <input_file_ref idref="fl-f"/>
      </object_component>
      <object_component id="oc-2b5">
         <name>.bss:powerNotifyObj</name>
         <uninitialized>true</uninitialized>
         <run_address>0x200100c8</run_address>
         <size>0x14</size>
         <input_file_ref idref="fl-f"/>
      </object_component>
      <object_component id="oc-2ae">
         <name>.bss</name>
         <uninitialized>true</uninitialized>
         <run_address>0x200100dc</run_address>
         <size>0x4</size>
         <input_file_ref idref="fl-f"/>
      </object_component>
      <object_component id="oc-645">
         <name>.bss</name>
         <uninitialized>true</uninitialized>
         <run_address>0x20010100</run_address>
         <size>0x4</size>
         <input_file_ref idref="fl-17"/>
      </object_component>
      <object_component id="oc-518">
         <name>.bss</name>
         <uninitialized>true</uninitialized>
         <run_address>0x200100f0</run_address>
         <size>0xd</size>
         <input_file_ref idref="fl-1b"/>
      </object_component>
      <object_component id="oc-3d9">
         <name>.common:uartCC32XXObjects0</name>
         <uninitialized>true</uninitialized>
         <run_address>0x20010004</run_address>
         <size>0x84</size>
      </object_component>
      <object_component id="oc-654">
         <name>.common:PowerCC32XX_contextSave</name>
         <uninitialized>true</uninitialized>
         <run_address>0x2000fed8</run_address>
         <size>0x12c</size>
      </object_component>
      <object_component id="oc-e1">
         <name>.common:ClockP_ctrl</name>
         <uninitialized>true</uninitialized>
         <run_address>0x200100e0</run_address>
         <size>0x10</size>
      </object_component>
      <object_component id="oc-2a">
         <name>.sysmem</name>
         <uninitialized>true</uninitialized>
         <run_address>0x20004040</run_address>
         <size>0x10</size>
         <input_file_ref idref="fl-df"/>
      </object_component>
      <object_component id="oc-75c">
         <name>.sysmem</name>
         <uninitialized>true</uninitialized>
         <run_address>0x20004040</run_address>
         <size>0x0</size>
      </object_component>
      <object_component id="oc-2d">
         <name>.stack</name>
         <uninitialized>true</uninitialized>
         <run_address>0x20003000</run_address>
         <size>0x4</size>
         <input_file_ref idref="fl-e0"/>
      </object_component>
      <object_component id="oc-75b">
         <name>.stack</name>
         <uninitialized>true</uninitialized>
         <run_address>0x20003000</run_address>
         <size>0x0</size>
      </object_component>
      <object_component id="oc-27">
         <name>.resetVecs:retain</name>
         <load_address>0x20004000</load_address>
         <run_address>0x20004000</run_address>
         <size>0x40</size>
         <input_file_ref idref="fl-1a"/>
      </object_component>
      <object_component id="oc-bb">
         <name>.ramVecs</name>
         <uninitialized>true</uninitialized>
         <run_address>0x20000000</run_address>
         <size>0x30c</size>
         <input_file_ref idref="fl-1a"/>
      </object_component>
      <object_component id="oc-14d">
         <name>.debug_info</name>
         <load_address>0x0</load_address>
         <run_address>0x0</run_address>
         <size>0x1b9</size>
         <input_file_ref idref="fl-2"/>
      </object_component>
      <object_component id="oc-11b">
         <name>.debug_info</name>
         <load_address>0x1b9</load_address>
         <run_address>0x1b9</run_address>
         <size>0x151</size>
         <input_file_ref idref="fl-2"/>
      </object_component>
      <object_component id="oc-e7">
         <name>.debug_info</name>
         <load_address>0x30a</load_address>
         <run_address>0x30a</run_address>
         <size>0x26b</size>
         <input_file_ref idref="fl-2"/>
      </object_component>
      <object_component id="oc-36">
         <name>.debug_info</name>
         <load_address>0x575</load_address>
         <run_address>0x575</run_address>
         <size>0x84</size>
         <input_file_ref idref="fl-2"/>
      </object_component>
      <object_component id="oc-148">
         <name>.debug_info</name>
         <load_address>0x5f9</load_address>
         <run_address>0x5f9</run_address>
         <size>0x2a4</size>
         <input_file_ref idref="fl-2"/>
      </object_component>
      <object_component id="oc-216">
         <name>.debug_info</name>
         <load_address>0x89d</load_address>
         <run_address>0x89d</run_address>
         <size>0xef</size>
         <input_file_ref idref="fl-2"/>
      </object_component>
      <object_component id="oc-12f">
         <name>.debug_info</name>
         <load_address>0x98c</load_address>
         <run_address>0x98c</run_address>
         <size>0xbb</size>
         <input_file_ref idref="fl-2"/>
      </object_component>
      <object_component id="oc-239">
         <name>.debug_info</name>
         <load_address>0xa47</load_address>
         <run_address>0xa47</run_address>
         <size>0x53</size>
         <input_file_ref idref="fl-2"/>
      </object_component>
      <object_component id="oc-1ee">
         <name>.debug_info</name>
         <load_address>0xa9a</load_address>
         <run_address>0xa9a</run_address>
         <size>0x374</size>
         <input_file_ref idref="fl-3"/>
      </object_component>
      <object_component id="oc-1e8">
         <name>.debug_info</name>
         <load_address>0xe0e</load_address>
         <run_address>0xe0e</run_address>
         <size>0xef</size>
         <input_file_ref idref="fl-3"/>
      </object_component>
      <object_component id="oc-1eb">
         <name>.debug_info</name>
         <load_address>0xefd</load_address>
         <run_address>0xefd</run_address>
         <size>0xf1</size>
         <input_file_ref idref="fl-3"/>
      </object_component>
      <object_component id="oc-15f">
         <name>.debug_info</name>
         <load_address>0xfee</load_address>
         <run_address>0xfee</run_address>
         <size>0x246</size>
         <input_file_ref idref="fl-3"/>
      </object_component>
      <object_component id="oc-1ef">
         <name>.debug_info</name>
         <load_address>0x1234</load_address>
         <run_address>0x1234</run_address>
         <size>0x4cf</size>
         <input_file_ref idref="fl-3"/>
      </object_component>
      <object_component id="oc-234">
         <name>.debug_info</name>
         <load_address>0x1703</load_address>
         <run_address>0x1703</run_address>
         <size>0x3b</size>
         <input_file_ref idref="fl-3"/>
      </object_component>
      <object_component id="oc-1a3">
         <name>.debug_info</name>
         <load_address>0x173e</load_address>
         <run_address>0x173e</run_address>
         <size>0x507</size>
         <input_file_ref idref="fl-4"/>
      </object_component>
      <object_component id="oc-3ba">
         <name>.debug_info</name>
         <load_address>0x1c45</load_address>
         <run_address>0x1c45</run_address>
         <size>0x104</size>
         <input_file_ref idref="fl-4"/>
      </object_component>
      <object_component id="oc-3bd">
         <name>.debug_info</name>
         <load_address>0x1d49</load_address>
         <run_address>0x1d49</run_address>
         <size>0x112</size>
         <input_file_ref idref="fl-4"/>
      </object_component>
      <object_component id="oc-2c6">
         <name>.debug_info</name>
         <load_address>0x1e5b</load_address>
         <run_address>0x1e5b</run_address>
         <size>0x172</size>
         <input_file_ref idref="fl-4"/>
      </object_component>
      <object_component id="oc-2b3">
         <name>.debug_info</name>
         <load_address>0x1fcd</load_address>
         <run_address>0x1fcd</run_address>
         <size>0x10a</size>
         <input_file_ref idref="fl-4"/>
      </object_component>
      <object_component id="oc-27a">
         <name>.debug_info</name>
         <load_address>0x20d7</load_address>
         <run_address>0x20d7</run_address>
         <size>0x10c</size>
         <input_file_ref idref="fl-4"/>
      </object_component>
      <object_component id="oc-4fd">
         <name>.debug_info</name>
         <load_address>0x21e3</load_address>
         <run_address>0x21e3</run_address>
         <size>0x111</size>
         <input_file_ref idref="fl-4"/>
      </object_component>
      <object_component id="oc-3db">
         <name>.debug_info</name>
         <load_address>0x22f4</load_address>
         <run_address>0x22f4</run_address>
         <size>0x10b</size>
         <input_file_ref idref="fl-4"/>
      </object_component>
      <object_component id="oc-2c9">
         <name>.debug_info</name>
         <load_address>0x23ff</load_address>
         <run_address>0x23ff</run_address>
         <size>0xfe</size>
         <input_file_ref idref="fl-4"/>
      </object_component>
      <object_component id="oc-35e">
         <name>.debug_info</name>
         <load_address>0x24fd</load_address>
         <run_address>0x24fd</run_address>
         <size>0xf8</size>
         <input_file_ref idref="fl-4"/>
      </object_component>
      <object_component id="oc-1b6">
         <name>.debug_info</name>
         <load_address>0x25f5</load_address>
         <run_address>0x25f5</run_address>
         <size>0x150</size>
         <input_file_ref idref="fl-4"/>
      </object_component>
      <object_component id="oc-153">
         <name>.debug_info</name>
         <load_address>0x2745</load_address>
         <run_address>0x2745</run_address>
         <size>0x186</size>
         <input_file_ref idref="fl-4"/>
      </object_component>
      <object_component id="oc-220">
         <name>.debug_info</name>
         <load_address>0x28cb</load_address>
         <run_address>0x28cb</run_address>
         <size>0x878</size>
         <input_file_ref idref="fl-4"/>
      </object_component>
      <object_component id="oc-134">
         <name>.debug_info</name>
         <load_address>0x3143</load_address>
         <run_address>0x3143</run_address>
         <size>0x100</size>
         <input_file_ref idref="fl-4"/>
      </object_component>
      <object_component id="oc-13e">
         <name>.debug_info</name>
         <load_address>0x3243</load_address>
         <run_address>0x3243</run_address>
         <size>0x137</size>
         <input_file_ref idref="fl-4"/>
      </object_component>
      <object_component id="oc-303">
         <name>.debug_info</name>
         <load_address>0x337a</load_address>
         <run_address>0x337a</run_address>
         <size>0xf8</size>
         <input_file_ref idref="fl-4"/>
      </object_component>
[...]
         <value>0x2000ccf5</value>
         <object_component_ref idref="oc-4bd"/>
      </symbol>
      <symbol id="sm-57e">
         <name>UARTCC32XX_fxnTable</name>
         <value>0x2000fd54</value>
         <object_component_ref idref="oc-3d6"/>
      </symbol>
      <symbol id="sm-57f">
         <name>UARTCC32XX_init</name>
         <value>0x2000d4df</value>
         <object_component_ref idref="oc-4c9"/>
      </symbol>
      <symbol id="sm-580">
         <name>UARTCC32XX_writePolling</name>
         <value>0x2000e3e5</value>
         <object_component_ref idref="oc-4ed"/>
      </symbol>
      <symbol id="sm-581">
         <name>UARTCC32XX_writeCancel</name>
         <value>0x2000e319</value>
         <object_component_ref idref="oc-4f3"/>
      </symbol>
      <symbol id="sm-582">
         <name>UARTCC32XX_control</name>
         <value>0x2000cf15</value>
         <object_component_ref idref="oc-4c3"/>
      </symbol>
      <symbol id="sm-583">
         <name>UARTCC32XX_open</name>
         <value>0x2000c46d</value>
         <object_component_ref idref="oc-4cf"/>
      </symbol>
      <symbol id="sm-584">
         <name>UARTCC32XX_readCancel</name>
         <value>0x2000eead</value>
         <object_component_ref idref="oc-4e1"/>
      </symbol>
      <symbol id="sm-585">
         <name>UARTCC32XX_write</name>
         <value>0x2000d1d5</value>
         <object_component_ref idref="oc-4e7"/>
      </symbol>
      <symbol id="sm-586">
         <name>UARTCC32XX_read</name>
         <value>0x2000ec99</value>
         <object_component_ref idref="oc-4d5"/>
      </symbol>
      <symbol id="sm-587">
         <name>UARTCC32XX_readPolling</name>
         <value>0x2000d425</value>
         <object_component_ref idref="oc-4db"/>
      </symbol>
      <symbol id="sm-59f">
         <name>List_remove</name>
         <value>0x2000f10b</value>
         <object_component_ref idref="oc-68e"/>
      </symbol>
      <symbol id="sm-5a0">
         <name>List_put</name>
         <value>0x2000f0e5</value>
         <object_component_ref idref="oc-3a3"/>
      </symbol>
      <symbol id="sm-5cf">
         <name>RingBuf_put</name>
         <value>0x2000e9b5</value>
         <object_component_ref idref="oc-704"/>
      </symbol>
      <symbol id="sm-5d0">
         <name>RingBuf_isFull</name>
         <value>0x2000f52d</value>
         <object_component_ref idref="oc-70a"/>
      </symbol>
      <symbol id="sm-5d1">
         <name>RingBuf_construct</name>
         <value>0x2000f43b</value>
         <object_component_ref idref="oc-5bf"/>
      </symbol>
      <symbol id="sm-5d2">
         <name>RingBuf_peek</name>
         <value>0x2000f1dd</value>
         <object_component_ref idref="oc-5b1"/>
      </symbol>
      <symbol id="sm-5d3">
         <name>RingBuf_get</name>
         <value>0x2000ec59</value>
         <object_component_ref idref="oc-60c"/>
      </symbol>
      <symbol id="sm-64e">
         <name>SemaphoreP_defaultParams</name>
         <value>0x2000fb48</value>
         <object_component_ref idref="oc-47a"/>
      </symbol>
      <symbol id="sm-64f">
         <name>SemaphoreP_construct</name>
         <value>0x2000e761</value>
         <object_component_ref idref="oc-47e"/>
      </symbol>
      <symbol id="sm-650">
         <name>SemaphoreP_create</name>
         <value>0x2000f399</value>
         <object_component_ref idref="oc-368"/>
      </symbol>
      <symbol id="sm-651">
         <name>SemaphoreP_post</name>
         <value>0x2000eac9</value>
         <object_component_ref idref="oc-2a8"/>
      </symbol>
      <symbol id="sm-652">
         <name>SemaphoreP_pend</name>
         <value>0x2000da41</value>
         <object_component_ref idref="oc-296"/>
      </symbol>
      <symbol id="sm-653">
         <name>SemaphoreP_delete</name>
         <value>0x2000f5af</value>
         <object_component_ref idref="oc-290"/>
      </symbol>
      <symbol id="sm-654">
         <name>SemaphoreP_createBinary</name>
         <value>0x2000f2a7</value>
         <object_component_ref idref="oc-27e"/>
      </symbol>
      <symbol id="sm-655">
         <name>SemaphoreP_Params_init</name>
         <value>0x2000f4f1</value>
         <object_component_ref idref="oc-362"/>
      </symbol>
      <symbol id="sm-656">
         <name>clkFxn</name>
         <value>0x2000e447</value>
         <object_component_ref idref="oc-398"/>
      </symbol>
      <symbol id="sm-740">
         <name>ClockP_ctrl</name>
         <value>0x200100e0</value>
      </symbol>
      <symbol id="sm-741">
         <name>ClockP_delete</name>
         <value>0x2000f47f</value>
         <object_component_ref idref="oc-58c"/>
      </symbol>
      <symbol id="sm-742">
         <name>ClockP_doTick</name>
         <value>0x2000e711</value>
         <object_component_ref idref="oc-79"/>
      </symbol>
      <symbol id="sm-743">
         <name>ClockP_setTimeout</name>
         <value>0x2000f5a7</value>
         <object_component_ref idref="oc-711"/>
      </symbol>
      <symbol id="sm-744">
         <name>ClockP_startup</name>
         <value>0x2000ef19</value>
         <object_component_ref idref="oc-524"/>
      </symbol>
      <symbol id="sm-745">
         <name>ClockP_stop</name>
         <value>0x2000e9fd</value>
         <object_component_ref idref="oc-4a6"/>
      </symbol>
      <symbol id="sm-746">
         <name>ClockP_construct</name>
         <value>0x2000ebd9</value>
         <object_component_ref idref="oc-6a0"/>
      </symbol>
      <symbol id="sm-747">
         <name>ClockP_getTicksUntilInterrupt</name>
         <value>0x2000eee5</value>
         <object_component_ref idref="oc-440"/>
      </symbol>
      <symbol id="sm-748">
         <name>ClockP_setTicks</name>
         <value>0x2000f4b1</value>
         <object_component_ref idref="oc-468"/>
      </symbol>
      <symbol id="sm-749">
         <name>ClockP_tickPeriod</name>
         <value>0x2000fb58</value>
         <object_component_ref idref="oc-474"/>
      </symbol>
      <symbol id="sm-74a">
         <name>ClockP_create</name>
         <value>0x2000f28d</value>
         <object_component_ref idref="oc-5dd"/>
      </symbol>
      <symbol id="sm-74b">
         <name>ClockP_Params_init</name>
         <value>0x2000f561</value>
         <object_component_ref idref="oc-5d7"/>
      </symbol>
      <symbol id="sm-74c">
         <name>ClockP_getSystemTicks</name>
         <value>0x2000f4a1</value>
         <object_component_ref idref="oc-44c"/>
      </symbol>
      <symbol id="sm-74d">
         <name>ClockP_destruct</name>
         <value>0x2000ed19</value>
         <object_component_ref idref="oc-392"/>
      </symbol>
      <symbol id="sm-74e">
         <name>ClockP_start</name>
         <value>0x2000efb5</value>
         <object_component_ref idref="oc-380"/>
      </symbol>
      <symbol id="sm-74f">
         <name>ClockP_sysTickHandler</name>
         <value>0x2000e711</value>
         <object_component_ref idref="oc-79"/>
      </symbol>
      <symbol id="sm-750">
         <name>ClockP_isActive</name>
         <value>0x2000f56b</value>
         <object_component_ref idref="oc-38c"/>
      </symbol>
      <symbol id="sm-751">
         <name>ClockP_getCpuFreq</name>
         <value>0x2000f491</value>
         <object_component_ref idref="oc-42e"/>
      </symbol>
      <symbol id="sm-752">
         <name>ClockP_add</name>
         <value>0x2000f46f</value>
         <object_component_ref idref="oc-37a"/>
      </symbol>
      <symbol id="sm-7d3">
         <name>HwiP_delete</name>
         <value>0x2000f4c1</value>
         <object_component_ref idref="oc-586"/>
      </symbol>
      <symbol id="sm-7d4">
         <name>HwiP_construct</name>
         <value>0x2000dd3d</value>
         <object_component_ref idref="oc-3e8"/>
      </symbol>
      <symbol id="sm-7d5">
         <name>HwiP_inISR</name>
         <value>0x2000f3c5</value>
         <object_component_ref idref="oc-3aa"/>
      </symbol>
      <symbol id="sm-7d6">
         <name>HwiP_dispatch</name>
         <value>0x2000f131</value>
         <object_component_ref idref="oc-50b"/>
      </symbol>
      <symbol id="sm-7d7">
         <name>HwiP_destruct</name>
         <value>0x2000f19d</value>
         <object_component_ref idref="oc-685"/>
      </symbol>
      <symbol id="sm-7d8">
         <name>HwiP_swiPIntNum</name>
         <value>0x2000fb54</value>
         <object_component_ref idref="oc-511"/>
      </symbol>
      <symbol id="sm-7d9">
         <name>HwiP_Params_init</name>
         <value>0x2000f429</value>
         <object_component_ref idref="oc-2d8"/>
      </symbol>
      <symbol id="sm-7da">
         <name>HwiP_disable</name>
         <value>0x2000f511</value>
         <object_component_ref idref="oc-284"/>
      </symbol>
      <symbol id="sm-7db">
         <name>HwiP_key</name>
         <value>0x2000fb50</value>
         <object_component_ref idref="oc-511"/>
      </symbol>
      <symbol id="sm-7dc">
         <name>HwiP_create</name>
         <value>0x2000f041</value>
         <object_component_ref idref="oc-2de"/>
      </symbol>
      <symbol id="sm-7dd">
         <name>HwiP_post</name>
         <value>0x2000f5ab</value>
         <object_component_ref idref="oc-56b"/>
      </symbol>
      <symbol id="sm-7de">
         <name>HwiP_enable</name>
         <value>0x2000f51f</value>
         <object_component_ref idref="oc-158"/>
      </symbol>
      <symbol id="sm-7df">
         <name>HwiP_restore</name>
         <value>0x2000f4d1</value>
         <object_component_ref idref="oc-28a"/>
      </symbol>
      <symbol id="sm-80f">
         <name>PowerCC32XX_initPolicy</name>
         <value>0x2000d29f</value>
         <object_component_ref idref="oc-351"/>
      </symbol>
      <symbol id="sm-810">
         <name>PowerCC32XX_sleepPolicy</name>
         <value>0x2000c8d9</value>
         <object_component_ref idref="oc-357"/>
      </symbol>
      <symbol id="sm-865">
         <name>resetISR</name>
         <value>0x2000f2c1</value>
         <object_component_ref idref="oc-21"/>
      </symbol>
      <symbol id="sm-866">
         <name>resetVectorAddr</name>
         <value>0x2000f2d4</value>
         <object_component_ref idref="oc-21"/>
      </symbol>
      <symbol id="sm-867">
         <name>initVectors</name>
         <value>0x2000ee3d</value>
         <object_component_ref idref="oc-59"/>
      </symbol>
      <symbol id="sm-868">
         <name>resetVectors</name>
         <value>0x20004000</value>
         <object_component_ref idref="oc-27"/>
      </symbol>
      <symbol id="sm-898">
         <name>SwiP_disable</name>
         <value>0x2000f239</value>
         <object_component_ref idref="oc-434"/>
      </symbol>
      <symbol id="sm-899">
         <name>SwiP_restore</name>
         <value>0x2000eb0d</value>
         <object_component_ref idref="oc-46e"/>
      </symbol>
      <symbol id="sm-8a4">
         <name>CPUcpsid</name>
         <value>0x2000f3af</value>
         <object_component_ref idref="oc-a3"/>
      </symbol>
      <symbol id="sm-8e9">
         <name>IntVTableBaseSet</name>
         <value>0x2000f3d9</value>
         <object_component_ref idref="oc-af"/>
      </symbol>
      <symbol id="sm-8ea">
         <name>IntEnable</name>
         <value>0x2000d7ad</value>
         <object_component_ref idref="oc-b5"/>
      </symbol>
      <symbol id="sm-8eb">
         <name>IntMasterDisable</name>
         <value>0x2000f575</value>
         <object_component_ref idref="oc-53"/>
      </symbol>
      <symbol id="sm-8ec">
         <name>IntPendSet</name>
         <value>0x2000ddc9</value>
         <object_component_ref idref="oc-679"/>
      </symbol>
      <symbol id="sm-926">
         <name>PinModeGet</name>
         <value>0x2000ef4d</value>
         <object_component_ref idref="oc-263"/>
      </symbol>
      <symbol id="sm-927">
         <name>PinConfigSet</name>
         <value>0x2000de51</value>
         <object_component_ref idref="oc-2cc"/>
      </symbol>
      <symbol id="sm-928">
         <name>PinModeSet</name>
         <value>0x2000ec19</value>
         <object_component_ref idref="oc-269"/>
      </symbol>
      <symbol id="sm-929">
         <name>PinToPadGet</name>
         <value>0x2000f21d</value>
         <object_component_ref idref="oc-5aa"/>
      </symbol>
      <symbol id="sm-9f2">
         <name>PRCMLPDSRestoreInfoSet</name>
         <value>0x2000ea41</value>
         <object_component_ref idref="oc-65b"/>
      </symbol>
      <symbol id="sm-9f3">
         <name>PRCMPeripheralReset</name>
         <value>0x2000e5b9</value>
         <object_component_ref idref="oc-257"/>
      </symbol>
      <symbol id="sm-9f4">
         <name>PRCMLPDSEnter</name>
         <value>0x2000e8dd</value>
         <object_component_ref idref="oc-55c"/>
      </symbol>
      <symbol id="sm-9f5">
         <name>PRCMPeripheralClkEnable</name>
         <value>0x2000e925</value>
         <object_component_ref idref="oc-251"/>
      </symbol>
      <symbol id="sm-9f6">
         <name>PRCMLPDSEnterKeepDebugIf</name>
         <value>0x2000edcd</value>
         <object_component_ref idref="oc-562"/>
      </symbol>
      <symbol id="sm-9f7">
         <name>PRCMCC3200MCUInit</name>
         <value>0x2000c041</value>
         <object_component_ref idref="oc-1a9"/>
      </symbol>
      <symbol id="sm-9f8">
         <name>PRCMHIBRegWrite</name>
         <value>0x2000f383</value>
         <object_component_ref idref="oc-245"/>
      </symbol>
      <symbol id="sm-9f9">
         <name>PRCMSysResetCauseGet</name>
         <value>0x2000e449</value>
         <object_component_ref idref="oc-23e"/>
      </symbol>
      <symbol id="sm-9fa">
         <name>PRCMPeripheralClkDisable</name>
         <value>0x2000f06d</value>
         <object_component_ref idref="oc-25d"/>
      </symbol>
      <symbol id="sm-9fb">
         <name>PRCMHIBRegRead</name>
         <value>0x2000f36d</value>
         <object_component_ref idref="oc-24b"/>
      </symbol>
      <symbol id="sm-a0f">
         <name>UARTBusy</name>
         <value>0x2000f30d</value>
         <object_component_ref idref="oc-614"/>
      </symbol>
      <symbol id="sm-a10">
         <name>UARTIntEnable</name>
         <value>0x2000f325</value>
         <object_component_ref idref="oc-6e4"/>
      </symbol>
      <symbol id="sm-a14">
         <name>UtilsDelay</name>
         <value>0x2000f5a1</value>
         <object_component_ref idref="oc-244"/>
      </symbol>
      <symbol id="sm-a24">
         <name>FlashDisable</name>
         <value>0x2000e895</value>
         <object_component_ref idref="oc-671"/>
      </symbol>
      <symbol id="sm-a2d">
         <name>__aeabi_lmul</name>
         <value>0x2000f355</value>
         <object_component_ref idref="oc-463"/>
      </symbol>
      <symbol id="sm-a48">
         <name>memcpy</name>
         <value>0x2000dae1</value>
         <object_component_ref idref="oc-3b"/>
      </symbol>
      <symbol id="sm-a49">
         <name>__aeabi_memcpy</name>
         <value>0x2000dae1</value>
         <object_component_ref idref="oc-3b"/>
      </symbol>
      <symbol id="sm-a4a">
         <name>__aeabi_memcpy8</name>
         <value>0x2000dae1</value>
         <object_component_ref idref="oc-3b"/>
      </symbol>
      <symbol id="sm-a4b">
         <name>__aeabi_memcpy4</name>
         <value>0x2000dae1</value>
         <object_component_ref idref="oc-3b"/>
      </symbol>
      <symbol id="sm-a58">
         <name>__aeabi_uldivmod</name>
         <value>0x2000dc15</value>
         <object_component_ref idref="oc-458"/>
      </symbol>
      <symbol id="sm-a6c">
         <name>__TI_zero_init_nomemset</name>
         <value>0x2000f255</value>
         <object_component_ref idref="oc-47"/>
      </symbol>
      <symbol id="sm-a83">
         <name>__TI_decompress_none</name>
         <value>0x2000f53b</value>
         <object_component_ref idref="oc-1a"/>
      </symbol>
      <symbol id="sm-aa6">
         <name>__TI_decompress_lzss</name>
         <value>0x2000e2b1</value>
         <object_component_ref idref="oc-14"/>
      </symbol>
      <symbol id="sm-b2f">
         <name>_sys_memory</name>
         <value>0x20004040</value>
         <object_component_ref idref="oc-2a"/>
      </symbol>
      <symbol id="sm-b30">
         <name>free</name>
         <value>0x2000d0f1</value>
         <object_component_ref idref="oc-373"/>
      </symbol>
      <symbol id="sm-b31">
         <name>memalign</name>
         <value>0x2000ce15</value>
         <object_component_ref idref="oc-501"/>
      </symbol>
      <symbol id="sm-b32">
         <name>malloc</name>
         <value>0x2000f589</value>
         <object_component_ref idref="oc-3e2"/>
      </symbol>
      <symbol id="sm-b33">
         <name>aligned_alloc</name>
         <value>0x2000ce15</value>
         <object_component_ref idref="oc-501"/>
      </symbol>
      <symbol id="sm-b45">
         <name>__stack</name>
         <value>0x20003000</value>
         <object_component_ref idref="oc-2d"/>
      </symbol>
      <symbol id="sm-b46">
         <name>_c_int00_noargs</name>
         <value>0x2000f179</value>
         <object_component_ref idref="oc-c5"/>
      </symbol>
      <symbol id="sm-b50">
         <name>__aeabi_idiv0</name>
         <value>0x2000eee3</value>
         <object_component_ref idref="oc-52d"/>
      </symbol>
      <symbol id="sm-b51">
         <name>__aeabi_ldiv0</name>
         <value>0x2000eee3</value>
         <object_component_ref idref="oc-52d"/>
      </symbol>
      <symbol id="sm-b7a">
         <name>__TI_auto_init_nobinit_nopinit</name>
         <value>0x2000eb95</value>
         <object_component_ref idref="oc-171"/>
      </symbol>
      <symbol id="sm-b84">
         <name>_system_pre_init</name>
         <value>0x2000f5b3</value>
         <object_component_ref idref="oc-114"/>
      </symbol>
      <symbol id="sm-b90">
         <name>C$$EXIT</name>
         <value>0x2000f5b7</value>
         <object_component_ref idref="oc-165"/>
      </symbol>
      <symbol id="sm-b91">
         <name>abort</name>
         <value>0x2000f5b7</value>
         <object_component_ref idref="oc-165"/>
      </symbol>
      <symbol id="sm-ba6">
         <name>_nop</name>
         <value>0x2000dcab</value>
         <object_component_ref idref="oc-319"/>
      </symbol>
      <symbol id="sm-ba7">
         <name>_lock</name>
         <value>0x2000fb38</value>
         <object_component_ref idref="oc-1f8"/>
      </symbol>
      <symbol id="sm-ba8">
         <name>_unlock</name>
         <value>0x2000fb3c</value>
         <object_component_ref idref="oc-1f8"/>
      </symbol>
      <symbol id="sm-baa">
         <name>__TI_static_base__</name>
         <value>0x20010108</value>
      </symbol>
      <symbol id="sm-bad">
         <name>ITM_flush</name>
         <value>0x0</value>
      </symbol>
      <symbol id="sm-bae">
         <name>ITM_restore</name>
         <value>0x0</value>
      </symbol>
      <symbol id="sm-baf">
         <name>__mpu_init</name>
         <value>0x0</value>
      </symbol>
      <symbol id="sm-bb0">
         <name>_system_post_cinit</name>
         <value>0x0</value>
      </symbol>
      <symbol id="sm-bb1">
         <name>NoRTOS_start</name>
         <value>0x2000f51f</value>
      </symbol>
   </symbol_table>
   <title>Link successful</title>
</link_info>
