<?xml version="1.0" encoding="ISO-8859-1" ?>
<link_info>
   <banner>TI ARM Linker PC v20.2.7.LTS</banner>
   <copyright>Copyright (c) 1996-2018 Texas Instruments Incorporated</copyright>
   <link_time>0x66246597</link_time>
   <link_errors>0x0</link_errors>
   <output_file>gpiointerrupt_CC3220S_LAUNCHXL_nortos_ccs.out</output_file>
   <entry_point>
      <name>resetISR</name>
      <address>0x20011e41</address>
   </entry_point>
   <input_file_list>
      <input_file id="fl-2">
         <path>.\</path>
         <kind>object</kind>
         <file>gpiointerrupt.obj</file>
         <name>gpiointerrupt.obj</name>
      </input_file>
      <input_file id="fl-3">
         <path>.\syscfg\</path>
         <kind>object</kind>
         <file>ti_drivers_config.obj</file>
         <name>ti_drivers_config.obj</name>
      </input_file>
      <input_file id="fl-4">
         <path>.\</path>
         <kind>object</kind>
         <file>main_nortos.obj</file>
         <name>main_nortos.obj</name>
      </input_file>
      <input_file id="fl-d">
         <kind>object</kind>
         <file>&lt;internal&gt;</file>
         <name>&lt;internal&gt;</name>
      </input_file>
      <input_file id="fl-e">
         <path>C:\ti\simplelink_cc32xx_sdk_4_30_00_06\source\ti\drivers\lib\ccs\m4\</path>
         <kind>archive</kind>
         <file>drivers_cc32xx.a</file>
         <name>I2C.oem4</name>
      </input_file>
      <input_file id="fl-f">
         <path>C:\ti\simplelink_cc32xx_sdk_4_30_00_06\source\ti\drivers\lib\ccs\m4\</path>
         <kind>archive</kind>
         <file>drivers_cc32xx.a</file>
         <name>Timer.oem4</name>
      </input_file>
      <input_file id="fl-10">
         <path>C:\ti\simplelink_cc32xx_sdk_4_30_00_06\source\ti\drivers\lib\ccs\m4\</path>
         <kind>archive</kind>
         <file>drivers_cc32xx.a</file>
         <name>UART.oem4</name>
      </input_file>
      <input_file id="fl-11">
         <path>C:\ti\simplelink_cc32xx_sdk_4_30_00_06\source\ti\drivers\lib\ccs\m4\</path>
         <kind>archive</kind>
         <file>drivers_cc32xx.a</file>
         <name>GPIOCC32XX.oem4</name>
      </input_file>
      <input_file id="fl-12">
         <path>C:\ti\simplelink_cc32xx_sdk_4_30_00_06\source\ti\drivers\lib\ccs\m4\</path>
         <kind>archive</kind>
         <file>drivers_cc32xx.a</file>
         <name>I2CCC32XX.oem4</name>
      </input_file>
      <input_file id="fl-13">
         <path>C:\ti\simplelink_cc32xx_sdk_4_30_00_06\source\ti\drivers\lib\ccs\m4\</path>
         <kind>archive</kind>
         <file>drivers_cc32xx.a</file>
         <name>PowerCC32XX.oem4</name>
      </input_file>
      <input_file id="fl-14">
         <path>C:\ti\simplelink_cc32xx_sdk_4_30_00_06\source\ti\drivers\lib\ccs\m4\</path>
         <kind>archive</kind>
         <file>drivers_cc32xx.a</file>
         <name>PowerCC32XX_asm.oem4</name>
      </input_file>
      <input_file id="fl-15">
         <path>C:\ti\simplelink_cc32xx_sdk_4_30_00_06\source\ti\drivers\lib\ccs\m4\</path>
         <kind>archive</kind>
         <file>drivers_cc32xx.a</file>
         <name>TimerCC32XX.oem4</name>
      </input_file>
      <input_file id="fl-16">
         <path>C:\ti\simplelink_cc32xx_sdk_4_30_00_06\source\ti\drivers\lib\ccs\m4\</path>
         <kind>archive</kind>
         <file>drivers_cc32xx.a</file>
         <name>UARTCC32XX.oem4</name>
      </input_file>
      <input_file id="fl-17">
         <path>C:\ti\simplelink_cc32xx_sdk_4_30_00_06\source\ti\drivers\lib\ccs\m4\</path>
         <kind>archive</kind>
         <file>drivers_cc32xx.a</file>
         <name>List.oem4</name>
      </input_file>
      <input_file id="fl-18">
         <path>C:\ti\simplelink_cc32xx_sdk_4_30_00_06\source\ti\drivers\lib\ccs\m4\</path>
         <kind>archive</kind>
         <file>drivers_cc32xx.a</file>
         <name>RingBuf.oem4</name>
      </input_file>
      <input_file id="fl-19">
         <path>C:\ti\simplelink_cc32xx_sdk_4_30_00_06\kernel\nortos\lib\ccs\m4\</path>
         <kind>archive</kind>
         <file>nortos_cc32xx.a</file>
         <name>NoRTOS.oem4</name>
      </input_file>
      <input_file id="fl-1a">
         <path>C:\ti\simplelink_cc32xx_sdk_4_30_00_06\kernel\nortos\lib\ccs\m4\</path>
         <kind>archive</kind>
         <file>nortos_cc32xx.a</file>
         <name>SemaphoreP_nortos.oem4</name>
      </input_file>
      <input_file id="fl-1b">
         <path>C:\ti\simplelink_cc32xx_sdk_4_30_00_06\kernel\nortos\lib\ccs\m4\</path>
         <kind>archive</kind>
         <file>nortos_cc32xx.a</file>
         <name>ClockPSysTick_nortos.oem4</name>
      </input_file>
      <input_file id="fl-1c">
         <path>C:\ti\simplelink_cc32xx_sdk_4_30_00_06\kernel\nortos\lib\ccs\m4\</path>
         <kind>archive</kind>
         <file>nortos_cc32xx.a</file>
         <name>HwiPCC32XX_nortos.oem4</name>
      </input_file>
      <input_file id="fl-1d">
         <path>C:\ti\simplelink_cc32xx_sdk_4_30_00_06\kernel\nortos\lib\ccs\m4\</path>
         <kind>archive</kind>
         <file>nortos_cc32xx.a</file>
         <name>PowerCC32XX_nortos.oem4</name>
      </input_file>
      <input_file id="fl-1e">
         <path>C:\ti\simplelink_cc32xx_sdk_4_30_00_06\kernel\nortos\lib\ccs\m4\</path>
         <kind>archive</kind>
         <file>nortos_cc32xx.a</file>
         <name>startup_cc32xx_ccs.oem4</name>
      </input_file>
      <input_file id="fl-1f">
         <path>C:\ti\simplelink_cc32xx_sdk_4_30_00_06\kernel\nortos\lib\ccs\m4\</path>
         <kind>archive</kind>
         <file>nortos_cc32xx.a</file>
         <name>SwiP_nortos.oem4</name>
      </input_file>
      <input_file id="fl-20">
         <path>C:\ti\simplelink_cc32xx_sdk_4_30_00_06\kernel\nortos\lib\ccs\m4\</path>
         <kind>archive</kind>
         <file>nortos_cc32xx.a</file>
         <name>QueueP_nortos.oem4</name>
      </input_file>
      <input_file id="fl-21">
         <path>C:\ti\simplelink_cc32xx_sdk_4_30_00_06\source\ti\devices\cc32xx\driverlib\ccs\Release\</path>
         <kind>archive</kind>
         <file>driverlib.a</file>
         <name>cpu.obj</name>
      </input_file>
      <input_file id="fl-22">
         <path>C:\ti\simplelink_cc32xx_sdk_4_30_00_06\source\ti\devices\cc32xx\driverlib\ccs\Release\</path>
         <kind>archive</kind>
         <file>driverlib.a</file>
         <name>i2c.obj</name>
      </input_file>
      <input_file id="fl-23">
         <path>C:\ti\simplelink_cc32xx_sdk_4_30_00_06\source\ti\devices\cc32xx\driverlib\ccs\Release\</path>
         <kind>archive</kind>
         <file>driverlib.a</file>
         <name>interrupt.obj</name>
      </input_file>
      <input_file id="fl-24">
         <path>C:\ti\simplelink_cc32xx_sdk_4_30_00_06\source\ti\devices\cc32xx\driverlib\ccs\Release\</path>
         <kind>archive</kind>
         <file>driverlib.a</file>
         <name>pin.obj</name>
      </input_file>
      <input_file id="fl-25">
         <path>C:\ti\simplelink_cc32xx_sdk_4_30_00_06\source\ti\devices\cc32xx\driverlib\ccs\Release\</path>
         <kind>archive</kind>
         <file>driverlib.a</file>
         <name>prcm.obj</name>
      </input_file>
      <input_file id="fl-26">
         <path>C:\ti\simplelink_cc32xx_sdk_4_30_00_06\source\ti\devices\cc32xx\driverlib\ccs\Release\</path>
         <kind>archive</kind>
         <file>driverlib.a</file>
         <name>timer.obj</name>
      </input_file>
      <input_file id="fl-27">
         <path>C:\ti\simplelink_cc32xx_sdk_4_30_00_06\source\ti\devices\cc32xx\driverlib\ccs\Release\</path>
         <kind>archive</kind>
         <file>driverlib.a</file>
         <name>uart.obj</name>
      </input_file>
      <input_file id="fl-28">
         <path>C:\ti\simplelink_cc32xx_sdk_4_30_00_06\source\ti\devices\cc32xx\driverlib\ccs\Release\</path>
         <kind>archive</kind>
         <file>driverlib.a</file>
         <name>utils.obj</name>
      </input_file>
      <input_file id="fl-29">
         <path>C:\ti\simplelink_cc32xx_sdk_4_30_00_06\source\ti\devices\cc32xx\driverlib\ccs\Release\</path>
         <kind>archive</kind>
         <file>driverlib.a</file>
         <name>flash.obj</name>
      </input_file>
      <input_file id="fl-df">
         <path>C:\ti\ccs1011\ccs\tools\compiler\ti-cgt-arm_20.2.7.LTS\lib\</path>
         <kind>archive</kind>
         <file>rtsv7M4_T_le_eabi.lib</file>
         <name>snprintf.c.obj</name>
      </input_file>
      <input_file id="fl-e0">
         <path>C:\ti\ccs1011\ccs\tools\compiler\ti-cgt-arm_20.2.7.LTS\lib\</path>
         <kind>archive</kind>
         <file>rtsv7M4_T_le_eabi.lib</file>
         <name>fs_mul_t2.asm.obj</name>
      </input_file>
      <input_file id="fl-e1">
         <path>C:\ti\ccs1011\ccs\tools\compiler\ti-cgt-arm_20.2.7.LTS\lib\</path>
         <kind>archive</kind>
         <file>rtsv7M4_T_le_eabi.lib</file>
         <name>fs_toi_t2.asm.obj</name>
      </input_file>
      <input_file id="fl-e2">
         <path>C:\ti\ccs1011\ccs\tools\compiler\ti-cgt-arm_20.2.7.LTS\lib\</path>
         <kind>archive</kind>
         <file>rtsv7M4_T_le_eabi.lib</file>
         <name>i_tofs_t2.asm.obj</name>
      </input_file>
      <input_file id="fl-e3">
         <path>C:\ti\ccs1011\ccs\tools\compiler\ti-cgt-arm_20.2.7.LTS\lib\</path>
         <kind>archive</kind>
         <file>rtsv7M4_T_le_eabi.lib</file>
         <name>ll_mul_t2.asm.obj</name>
      </input_file>
      <input_file id="fl-e4">
         <path>C:\ti\ccs1011\ccs\tools\compiler\ti-cgt-arm_20.2.7.LTS\lib\</path>
         <kind>archive</kind>
         <file>rtsv7M4_T_le_eabi.lib</file>
         <name>memcpy_t2.asm.obj</name>
      </input_file>
      <input_file id="fl-e5">
         <path>C:\ti\ccs1011\ccs\tools\compiler\ti-cgt-arm_20.2.7.LTS\lib\</path>
         <kind>archive</kind>
         <file>rtsv7M4_T_le_eabi.lib</file>
         <name>ull_div_t2.asm.obj</name>
      </input_file>
      <input_file id="fl-e6">
         <path>C:\ti\ccs1011\ccs\tools\compiler\ti-cgt-arm_20.2.7.LTS\lib\</path>
         <kind>archive</kind>
         <file>rtsv7M4_T_le_eabi.lib</file>
         <name>copy_zero_init.c.obj</name>
      </input_file>
      <input_file id="fl-e7">
         <path>C:\ti\ccs1011\ccs\tools\compiler\ti-cgt-arm_20.2.7.LTS\lib\</path>
         <kind>archive</kind>
         <file>rtsv7M4_T_le_eabi.lib</file>
         <name>copy_decompress_none.c.obj</name>
      </input_file>
      <input_file id="fl-e8">
         <path>C:\ti\ccs1011\ccs\tools\compiler\ti-cgt-arm_20.2.7.LTS\lib\</path>
         <kind>archive</kind>
         <file>rtsv7M4_T_le_eabi.lib</file>
         <name>copy_decompress_lzss.c.obj</name>
      </input_file>
      <input_file id="fl-e9">
         <path>C:\ti\ccs1011\ccs\tools\compiler\ti-cgt-arm_20.2.7.LTS\lib\</path>
         <kind>archive</kind>
         <file>rtsv7M4_T_le_eabi.lib</file>
         <name>memory.c.obj</name>
      </input_file>
      <input_file id="fl-ea">
         <path>C:\ti\ccs1011\ccs\tools\compiler\ti-cgt-arm_20.2.7.LTS\lib\</path>
         <kind>archive</kind>
         <file>rtsv7M4_T_le_eabi.lib</file>
         <name>strlen.c.obj</name>
      </input_file>
      <input_file id="fl-eb">
         <path>C:\ti\ccs1011\ccs\tools\compiler\ti-cgt-arm_20.2.7.LTS\lib\</path>
         <kind>archive</kind>
         <file>rtsv7M4_T_le_eabi.lib</file>
         <name>boot_cortex_m.c.obj</name>
      </input_file>
      <input_file id="fl-ec">
         <path>C:\ti\ccs1011\ccs\tools\compiler\ti-cgt-arm_20.2.7.LTS\lib\</path>
         <kind>archive</kind>
         <file>rtsv7M4_T_le_eabi.lib</file>
         <name>_printfi.c.obj</name>
      </input_file>
      <input_file id="fl-ed">
         <path>C:\ti\ccs1011\ccs\tools\compiler\ti-cgt-arm_20.2.7.LTS\lib\</path>
         <kind>archive</kind>
         <file>rtsv7M4_T_le_eabi.lib</file>
         <name>div0.asm.obj</name>
      </input_file>
      <input_file id="fl-ee">
         <path>C:\ti\ccs1011\ccs\tools\compiler\ti-cgt-arm_20.2.7.LTS\lib\</path>
         <kind>archive</kind>
         <file>rtsv7M4_T_le_eabi.lib</file>
         <name>fd_add_t2.asm.obj</name>
      </input_file>
      <input_file id="fl-ef">
         <path>C:\ti\ccs1011\ccs\tools\compiler\ti-cgt-arm_20.2.7.LTS\lib\</path>
         <kind>archive</kind>
         <file>rtsv7M4_T_le_eabi.lib</file>
         <name>fd_cmp_t2.asm.obj</name>
      </input_file>
      <input_file id="fl-f0">
         <path>C:\ti\ccs1011\ccs\tools\compiler\ti-cgt-arm_20.2.7.LTS\lib\</path>
         <kind>archive</kind>
         <file>rtsv7M4_T_le_eabi.lib</file>
         <name>fd_div_t2.asm.obj</name>
      </input_file>
      <input_file id="fl-f1">
         <path>C:\ti\ccs1011\ccs\tools\compiler\ti-cgt-arm_20.2.7.LTS\lib\</path>
         <kind>archive</kind>
         <file>rtsv7M4_T_le_eabi.lib</file>
         <name>fd_mul_t2.asm.obj</name>
      </input_file>
      <input_file id="fl-f2">
         <path>C:\ti\ccs1011\ccs\tools\compiler\ti-cgt-arm_20.2.7.LTS\lib\</path>
         <kind>archive</kind>
         <file>rtsv7M4_T_le_eabi.lib</file>
         <name>fd_toi_t2.asm.obj</name>
      </input_file>
      <input_file id="fl-f3">
         <path>C:\ti\ccs1011\ccs\tools\compiler\ti-cgt-arm_20.2.7.LTS\lib\</path>
         <kind>archive</kind>
         <file>rtsv7M4_T_le_eabi.lib</file>
         <name>i_tofd_t2.asm.obj</name>
      </input_file>
      <input_file id="fl-f4">
         <path>C:\ti\ccs1011\ccs\tools\compiler\ti-cgt-arm_20.2.7.LTS\lib\</path>
         <kind>archive</kind>
         <file>rtsv7M4_T_le_eabi.lib</file>
         <name>memset_t2.asm.obj</name>
      </input_file>
      <input_file id="fl-f5">
         <path>C:\ti\ccs1011\ccs\tools\compiler\ti-cgt-arm_20.2.7.LTS\lib\</path>
         <kind>archive</kind>
         <file>rtsv7M4_T_le_eabi.lib</file>
         <name>autoinit.c.obj</name>
      </input_file>
      <input_file id="fl-f6">
         <path>C:\ti\ccs1011\ccs\tools\compiler\ti-cgt-arm_20.2.7.LTS\lib\</path>
         <kind>archive</kind>
         <file>rtsv7M4_T_le_eabi.lib</file>
         <name>pre_init.c.obj</name>
      </input_file>
      <input_file id="fl-f7">
         <path>C:\ti\ccs1011\ccs\tools\compiler\ti-cgt-arm_20.2.7.LTS\lib\</path>
         <kind>archive</kind>
         <file>rtsv7M4_T_le_eabi.lib</file>
         <name>cpy_tbl.c.obj</name>
      </input_file>
      <input_file id="fl-f8">
         <path>C:\ti\ccs1011\ccs\tools\compiler\ti-cgt-arm_20.2.7.LTS\lib\</path>
         <kind>archive</kind>
         <file>rtsv7M4_T_le_eabi.lib</file>
         <name>exit.c.obj</name>
      </input_file>
      <input_file id="fl-f9">
         <path>C:\ti\ccs1011\ccs\tools\compiler\ti-cgt-arm_20.2.7.LTS\lib\</path>
         <kind>archive</kind>
         <file>rtsv7M4_T_le_eabi.lib</file>
         <name>_lock.c.obj</name>
      </input_file>
      <input_file id="fl-fa">
         <path>C:\ti\ccs1011\ccs\tools\compiler\ti-cgt-arm_20.2.7.LTS\lib\</path>
         <kind>archive</kind>
         <file>rtsv7M4_T_le_eabi.lib</file>
         <name>_ltoa.c.obj</name>
      </input_file>
      <input_file id="fl-fb">
         <path>C:\ti\ccs1011\ccs\tools\compiler\ti-cgt-arm_20.2.7.LTS\lib\</path>
         <kind>archive</kind>
         <file>rtsv7M4_T_le_eabi.lib</file>
         <name>args_main.c.obj</name>
      </input_file>
      <input_file id="fl-fc">
         <path>C:\ti\ccs1011\ccs\tools\compiler\ti-cgt-arm_20.2.7.LTS\lib\</path>
         <kind>archive</kind>
         <file>rtsv7M4_T_le_eabi.lib</file>
         <name>atoi.c.obj</name>
      </input_file>
      <input_file id="fl-fd">
         <path>C:\ti\ccs1011\ccs\tools\compiler\ti-cgt-arm_20.2.7.LTS\lib\</path>
         <kind>archive</kind>
         <file>rtsv7M4_T_le_eabi.lib</file>
         <name>ctype.c.obj</name>
      </input_file>
      <input_file id="fl-fe">
         <path>C:\ti\ccs1011\ccs\tools\compiler\ti-cgt-arm_20.2.7.LTS\lib\</path>
         <kind>archive</kind>
         <file>rtsv7M4_T_le_eabi.lib</file>
         <name>memccpy.c.obj</name>
      </input_file>
      <input_file id="fl-ff">
         <path>C:\ti\ccs1011\ccs\tools\compiler\ti-cgt-arm_20.2.7.LTS\lib\</path>
         <kind>archive</kind>
         <file>rtsv7M4_T_le_eabi.lib</file>
         <name>strchr.c.obj</name>
      </input_file>
      <input_file id="fl-100">
         <path>C:\ti\ccs1011\ccs\tools\compiler\ti-cgt-arm_20.2.7.LTS\lib\</path>
         <kind>archive</kind>
         <file>rtsv7M4_T_le_eabi.lib</file>
         <name>errno.c.obj</name>
      </input_file>
      <input_file id="fl-101">
         <path>C:\ti\ccs1011\ccs\tools\compiler\ti-cgt-arm_20.2.7.LTS\lib\</path>
         <kind>archive</kind>
         <file>rtsv7M4_T_le_eabi.lib</file>
         <name>wcslen.c.obj</name>
      </input_file>
      <input_file id="fl-102">
         <path>C:\ti\ccs1011\ccs\tools\compiler\ti-cgt-arm_20.2.7.LTS\lib\</path>
         <kind>archive</kind>
         <file>rtsv7M4_T_le_eabi.lib</file>
         <name>s_frexp.c.obj</name>
      </input_file>
      <input_file id="fl-103">
         <path>C:\ti\ccs1011\ccs\tools\compiler\ti-cgt-arm_20.2.7.LTS\lib\</path>
         <kind>archive</kind>
         <file>rtsv7M4_T_le_eabi.lib</file>
         <name>s_scalbn.c.obj</name>
      </input_file>
      <input_file id="fl-104">
         <path>C:\ti\ccs1011\ccs\tools\compiler\ti-cgt-arm_20.2.7.LTS\lib\</path>
         <kind>archive</kind>
         <file>rtsv7M4_T_le_eabi.lib</file>
         <name>s_copysign.c.obj</name>
      </input_file>
   </input_file_list>
   <object_component_list>
      <object_component id="oc-3a7">
         <name>.text:__TI_printfi</name>
         <load_address>0x2000c040</load_address>
         <run_address>0x2000c040</run_address>
         <size>0xa4e</size>
         <input_file_ref idref="fl-ec"/>
      </object_component>
      <object_component id="oc-1de">
         <name>.text:Board_initHook</name>
         <load_address>0x2000ca8e</load_address>
         <run_address>0x2000ca8e</run_address>
         <size>0x2</size>
         <input_file_ref idref="fl-3"/>
      </object_component>
      <object_component id="oc-1d2">
         <name>.text:PRCMCC3200MCUInit</name>
         <load_address>0x2000ca90</load_address>
         <run_address>0x2000ca90</run_address>
         <size>0x42c</size>
         <input_file_ref idref="fl-25"/>
      </object_component>
      <object_component id="oc-792">
         <name>.text:UARTCC32XX_open</name>
         <load_address>0x2000cebc</load_address>
         <run_address>0x2000cebc</run_address>
         <size>0x288</size>
         <input_file_ref idref="fl-16"/>
      </object_component>
      <object_component id="oc-52c">
         <name>.text:_pconv_a</name>
         <load_address>0x2000d144</load_address>
         <run_address>0x2000d144</run_address>
         <size>0x268</size>
         <input_file_ref idref="fl-ec"/>
      </object_component>
      <object_component id="oc-1fe">
         <name>.text:GPIO_setConfig</name>
         <load_address>0x2000d3ac</load_address>
         <run_address>0x2000d3ac</run_address>
         <size>0x1e4</size>
         <input_file_ref idref="fl-11"/>
      </object_component>
      <object_component id="oc-51a">
         <name>.text:_pconv_g</name>
         <load_address>0x2000d590</load_address>
         <run_address>0x2000d590</run_address>
         <size>0x1cc</size>
         <input_file_ref idref="fl-ec"/>
      </object_component>
      <object_component id="oc-6d3">
         <name>.text</name>
         <load_address>0x2000d75c</load_address>
         <run_address>0x2000d75c</run_address>
         <size>0x1b6</size>
         <input_file_ref idref="fl-ee"/>
      </object_component>
      <object_component id="oc-2de">
         <name>.text:I2C_init</name>
         <load_address>0x2000d912</load_address>
         <run_address>0x2000d912</run_address>
         <size>0x2</size>
         <input_file_ref idref="fl-e"/>
      </object_component>
      <object_component id="oc-411">
         <name>.text:PowerCC32XX_sleepPolicy</name>
         <load_address>0x2000d914</load_address>
         <run_address>0x2000d914</run_address>
         <size>0x19c</size>
         <input_file_ref idref="fl-1d"/>
      </object_component>
      <object_component id="oc-15f">
         <name>.text:mainThread</name>
         <load_address>0x2000dab0</load_address>
         <run_address>0x2000dab0</run_address>
         <size>0x158</size>
         <input_file_ref idref="fl-2"/>
      </object_component>
      <object_component id="oc-454">
         <name>.text:I2CCC32XX_hwiFxn</name>
         <load_address>0x2000dc08</load_address>
         <run_address>0x2000dc08</run_address>
         <size>0x148</size>
         <input_file_ref idref="fl-12"/>
      </object_component>
      <object_component id="oc-744">
         <name>.text:parkPins</name>
         <load_address>0x2000dd50</load_address>
         <run_address>0x2000dd50</run_address>
         <size>0x148</size>
         <input_file_ref idref="fl-13"/>
      </object_component>
      <object_component id="oc-526">
         <name>.text:_pconv_e</name>
         <load_address>0x2000de98</load_address>
         <run_address>0x2000de98</run_address>
         <size>0x13c</size>
         <input_file_ref idref="fl-ec"/>
      </object_component>
      <object_component id="oc-5aa">
         <name>.text:Power_sleep</name>
         <load_address>0x2000dfd4</load_address>
         <run_address>0x2000dfd4</run_address>
         <size>0x138</size>
         <input_file_ref idref="fl-13"/>
      </object_component>
      <object_component id="oc-6b9">
         <name>.text</name>
         <load_address>0x2000e10c</load_address>
         <run_address>0x2000e10c</run_address>
         <size>0x136</size>
         <input_file_ref idref="fl-f0"/>
      </object_component>
      <object_component id="oc-40b">
         <name>.text:PowerCC32XX_initPolicy</name>
         <load_address>0x2000e242</load_address>
         <run_address>0x2000e242</run_address>
         <size>0x2</size>
         <input_file_ref idref="fl-1d"/>
      </object_component>
      <object_component id="oc-835">
         <name>.text:TimerCC32XX_open</name>
         <load_address>0x2000e244</load_address>
         <run_address>0x2000e244</run_address>
         <size>0x128</size>
         <input_file_ref idref="fl-15"/>
      </object_component>
      <object_component id="oc-462">
         <name>.text:I2C_transferTimeout</name>
         <load_address>0x2000e36c</load_address>
         <run_address>0x2000e36c</run_address>
         <size>0x122</size>
         <input_file_ref idref="fl-e"/>
      </object_component>
      <object_component id="oc-82f">
         <name>.text:TimerCC32XX_init</name>
         <load_address>0x2000e48e</load_address>
         <run_address>0x2000e48e</run_address>
         <size>0x2</size>
         <input_file_ref idref="fl-15"/>
      </object_component>
      <object_component id="oc-780">
         <name>.text:UARTCC32XX_close</name>
         <load_address>0x2000e490</load_address>
         <run_address>0x2000e490</run_address>
         <size>0x120</size>
         <input_file_ref idref="fl-16"/>
      </object_component>
      <object_component id="oc-6e5">
         <name>.text:fcvt</name>
         <load_address>0x2000e5b0</load_address>
         <run_address>0x2000e5b0</run_address>
         <size>0x120</size>
         <input_file_ref idref="fl-ec"/>
      </object_component>
      <object_component id="oc-6a6">
         <name>.text:aligned_alloc</name>
         <load_address>0x2000e6d0</load_address>
         <run_address>0x2000e6d0</run_address>
         <size>0x100</size>
         <input_file_ref idref="fl-e9"/>
      </object_component>
      <object_component id="oc-2ea">
         <name>.text:I2C_open</name>
         <load_address>0x2000e7d0</load_address>
         <run_address>0x2000e7d0</run_address>
         <size>0xfc</size>
         <input_file_ref idref="fl-12"/>
      </object_component>
      <object_component id="oc-6b4">
         <name>.text</name>
         <load_address>0x2000e8cc</load_address>
         <run_address>0x2000e8cc</run_address>
         <size>0xfc</size>
         <input_file_ref idref="fl-f1"/>
      </object_component>
      <object_component id="oc-786">
         <name>.text:UARTCC32XX_control</name>
         <load_address>0x2000e9c8</load_address>
         <run_address>0x2000e9c8</run_address>
         <size>0xf2</size>
         <input_file_ref idref="fl-16"/>
      </object_component>
      <object_component id="oc-78c">
         <name>.text:UARTCC32XX_init</name>
         <load_address>0x2000eaba</load_address>
         <run_address>0x2000eaba</run_address>
         <size>0x2</size>
         <input_file_ref idref="fl-16"/>
      </object_component>
      <object_component id="oc-48c">
         <name>.text:free</name>
         <load_address>0x2000eabc</load_address>
         <run_address>0x2000eabc</run_address>
         <size>0xe4</size>
         <input_file_ref idref="fl-e9"/>
      </object_component>
      <object_component id="oc-6f9">
         <name>.text:scalbn</name>
         <load_address>0x2000eba0</load_address>
         <run_address>0x2000eba0</run_address>
         <size>0xd0</size>
         <input_file_ref idref="fl-103"/>
      </object_component>
      <object_component id="oc-7aa">
         <name>.text:UARTCC32XX_write</name>
         <load_address>0x2000ec70</load_address>
         <run_address>0x2000ec70</run_address>
         <size>0xca</size>
         <input_file_ref idref="fl-16"/>
      </object_component>
      <object_component id="oc-3d3">
         <name>.text:_nop</name>
         <load_address>0x2000ed3a</load_address>
         <run_address>0x2000ed3a</run_address>
         <size>0x2</size>
         <input_file_ref idref="fl-f9"/>
      </object_component>
      <object_component id="oc-1f8">
         <name>.text:GPIO_init</name>
         <load_address>0x2000ed3c</load_address>
         <run_address>0x2000ed3c</run_address>
         <size>0xc4</size>
         <input_file_ref idref="fl-11"/>
      </object_component>
      <object_component id="oc-761">
         <name>.text:restoreParkedPins</name>
         <load_address>0x2000ee00</load_address>
         <run_address>0x2000ee00</run_address>
         <size>0xc0</size>
         <input_file_ref idref="fl-13"/>
      </object_component>
      <object_component id="oc-79e">
         <name>.text:UARTCC32XX_readPolling</name>
         <load_address>0x2000eec0</load_address>
         <run_address>0x2000eec0</run_address>
         <size>0xba</size>
         <input_file_ref idref="fl-16"/>
      </object_component>
      <object_component id="oc-73">
         <name>.text:busFaultHandler</name>
         <load_address>0x2000ef7a</load_address>
         <run_address>0x2000ef7a</run_address>
         <size>0x2</size>
         <input_file_ref idref="fl-1e"/>
      </object_component>
      <object_component id="oc-93d">
         <name>.text:initHw</name>
         <load_address>0x2000ef7c</load_address>
         <run_address>0x2000ef7c</run_address>
         <size>0xb8</size>
         <input_file_ref idref="fl-16"/>
      </object_component>
      <object_component id="oc-a42">
         <name>.text:readTaskCallback</name>
         <load_address>0x2000f034</load_address>
         <run_address>0x2000f034</run_address>
         <size>0xb6</size>
         <input_file_ref idref="fl-16"/>
      </object_component>
      <object_component id="oc-4b1">
         <name>.text:clkFxn</name>
         <load_address>0x2000f0ea</load_address>
         <run_address>0x2000f0ea</run_address>
         <size>0x2</size>
         <input_file_ref idref="fl-1a"/>
      </object_component>
      <object_component id="oc-210">
         <name>.text:readTemp</name>
         <load_address>0x2000f0ec</load_address>
         <run_address>0x2000f0ec</run_address>
         <size>0xb4</size>
         <input_file_ref idref="fl-2"/>
      </object_component>
      <object_component id="oc-627">
         <name>.text:I2CCC32XX_completeTransfer</name>
         <load_address>0x2000f1a0</load_address>
         <run_address>0x2000f1a0</run_address>
         <size>0xb2</size>
         <input_file_ref idref="fl-12"/>
      </object_component>
      <object_component id="oc-6d">
         <name>.text:defaultHandler</name>
         <load_address>0x2000f252</load_address>
         <run_address>0x2000f252</run_address>
         <size>0x2</size>
         <input_file_ref idref="fl-1e"/>
      </object_component>
      <object_component id="oc-50f">
         <name>.text:_ltostr</name>
         <load_address>0x2000f254</load_address>
         <run_address>0x2000f254</run_address>
         <size>0xb1</size>
         <input_file_ref idref="fl-ec"/>
      </object_component>
      <object_component id="oc-a30">
         <name>.text:readTaskBlocking</name>
         <load_address>0x2000f306</load_address>
         <run_address>0x2000f306</run_address>
         <size>0xb0</size>
         <input_file_ref idref="fl-16"/>
      </object_component>
      <object_component id="oc-a36">
         <name>.text:readIsrTextBlocking</name>
         <load_address>0x2000f3b6</load_address>
         <run_address>0x2000f3b6</run_address>
         <size>0xae</size>
         <input_file_ref idref="fl-16"/>
      </object_component>
      <object_component id="oc-615">
         <name>.text:I2CCC32XX_primeWriteBurst</name>
         <load_address>0x2000f464</load_address>
         <run_address>0x2000f464</run_address>
         <size>0xa8</size>
         <input_file_ref idref="fl-12"/>
      </object_component>
      <object_component id="oc-b5">
         <name>.text:IntEnable</name>
         <load_address>0x2000f50c</load_address>
         <run_address>0x2000f50c</run_address>
         <size>0xa8</size>
         <input_file_ref idref="fl-23"/>
      </object_component>
      <object_component id="oc-2bd">
         <name>.text:PowerCC32XX_configureWakeup</name>
         <load_address>0x2000f5b4</load_address>
         <run_address>0x2000f5b4</run_address>
         <size>0xa8</size>
         <input_file_ref idref="fl-13"/>
      </object_component>
      <object_component id="oc-a48">
         <name>.text:readIsrTextCallback</name>
         <load_address>0x2000f65c</load_address>
         <run_address>0x2000f65c</run_address>
         <size>0xa2</size>
         <input_file_ref idref="fl-16"/>
      </object_component>
      <object_component id="oc-974">
         <name>.text:writeData</name>
         <load_address>0x2000f6fe</load_address>
         <run_address>0x2000f6fe</run_address>
         <size>0xa2</size>
         <input_file_ref idref="fl-16"/>
      </object_component>
      <object_component id="oc-336">
         <name>.text:SemaphoreP_pend</name>
         <load_address>0x2000f7a0</load_address>
         <run_address>0x2000f7a0</run_address>
         <size>0xa0</size>
         <input_file_ref idref="fl-1a"/>
      </object_component>
      <object_component id="oc-442">
         <name>.text:I2CCC32XX_initHw</name>
         <load_address>0x2000f840</load_address>
         <run_address>0x2000f840</run_address>
         <size>0x9c</size>
         <input_file_ref idref="fl-12"/>
      </object_component>
      <object_component id="oc-3b">
         <name>.text</name>
         <load_address>0x2000f8dc</load_address>
         <run_address>0x2000f8dc</run_address>
         <size>0x9c</size>
         <input_file_ref idref="fl-e4"/>
      </object_component>
      <object_component id="oc-352">
         <name>.text:powerNotifyFxn</name>
         <load_address>0x2000f978</load_address>
         <run_address>0x2000f978</run_address>
         <size>0x98</size>
         <input_file_ref idref="fl-11"/>
      </object_component>
      <object_component id="oc-5a5">
         <name>.text</name>
         <load_address>0x2000fa10</load_address>
         <run_address>0x2000fa10</run_address>
         <size>0x96</size>
         <input_file_ref idref="fl-e5"/>
      </object_component>
      <object_component id="oc-67">
         <name>.text:faultISR</name>
         <load_address>0x2000faa6</load_address>
         <run_address>0x2000faa6</run_address>
         <size>0x2</size>
         <input_file_ref idref="fl-1e"/>
      </object_component>
      <object_component id="oc-755">
         <name>.text:restoreNVICRegs</name>
         <load_address>0x2000faa8</load_address>
         <run_address>0x2000faa8</run_address>
         <size>0x90</size>
         <input_file_ref idref="fl-13"/>
      </object_component>
      <object_component id="oc-436">
         <name>.text:HwiP_construct</name>
         <load_address>0x2000fb38</load_address>
         <run_address>0x2000fb38</run_address>
         <size>0x8c</size>
         <input_file_ref idref="fl-1c"/>
      </object_component>
      <object_component id="oc-1ec">
         <name>.text:initI2C</name>
         <load_address>0x2000fbc4</load_address>
         <run_address>0x2000fbc4</run_address>
         <size>0x8c</size>
         <input_file_ref idref="fl-2"/>
      </object_component>
      <object_component id="oc-8e9">
         <name>.text:IntPendSet</name>
         <load_address>0x2000fc50</load_address>
         <run_address>0x2000fc50</run_address>
         <size>0x88</size>
         <input_file_ref idref="fl-23"/>
      </object_component>
      <object_component id="oc-35c">
         <name>.text:PinConfigSet</name>
         <load_address>0x2000fcd8</load_address>
         <run_address>0x2000fcd8</run_address>
         <size>0x88</size>
         <input_file_ref idref="fl-24"/>
      </object_component>
      <object_component id="oc-83b">
         <name>.text:TimerCC32XX_setPeriod</name>
         <load_address>0x2000fd60</load_address>
         <run_address>0x2000fd60</run_address>
         <size>0x88</size>
         <input_file_ref idref="fl-15"/>
      </object_component>
      <object_component id="oc-515">
         <name>.text:__aeabi_cdcmple</name>
         <load_address>0x2000fde8</load_address>
         <run_address>0x2000fde8</run_address>
         <size>0x86</size>
         <input_file_ref idref="fl-ef"/>
      </object_component>
      <object_component id="oc-6be">
         <name>.text:__aeabi_cdrcmple</name>
         <load_address>0x2000fe6e</load_address>
         <run_address>0x2000fe6e</run_address>
         <size>0x86</size>
         <input_file_ref idref="fl-ef"/>
      </object_component>
      <object_component id="oc-1d8">
         <name>.text:Power_init</name>
         <load_address>0x2000fef4</load_address>
         <run_address>0x2000fef4</run_address>
         <size>0x84</size>
         <input_file_ref idref="fl-13"/>
      </object_component>
      <object_component id="oc-74a">
         <name>.text:saveNVICRegs</name>
         <load_address>0x2000ff78</load_address>
         <run_address>0x2000ff78</run_address>
         <size>0x84</size>
         <input_file_ref idref="fl-13"/>
      </object_component>
      <object_component id="oc-362">
         <name>.text:Power_setDependency</name>
         <load_address>0x2000fffc</load_address>
         <run_address>0x2000fffc</run_address>
         <size>0x80</size>
         <input_file_ref idref="fl-13"/>
      </object_component>
      <object_component id="oc-a2a">
         <name>.text:readIsrBinaryBlocking</name>
         <load_address>0x2001007c</load_address>
         <run_address>0x2001007c</run_address>
         <size>0x7c</size>
         <input_file_ref idref="fl-16"/>
      </object_component>
      <object_component id="oc-60f">
         <name>.text:I2CCC32XX_primeReadBurst</name>
         <load_address>0x200100f8</load_address>
         <run_address>0x200100f8</run_address>
         <size>0x7a</size>
         <input_file_ref idref="fl-12"/>
      </object_component>
      <object_component id="oc-39b">
         <name>.text</name>
         <load_address>0x20010172</load_address>
         <run_address>0x20010172</run_address>
         <size>0x7a</size>
         <input_file_ref idref="fl-e0"/>
      </object_component>
      <object_component id="oc-9d">
         <name>.text</name>
         <load_address>0x200101ec</load_address>
         <run_address>0x200101ec</run_address>
         <size>0x7a</size>
         <input_file_ref idref="fl-f4"/>
      </object_component>
      <object_component id="oc-61">
         <name>.text:nmiISR</name>
         <load_address>0x20010266</load_address>
         <run_address>0x20010266</run_address>
         <size>0x2</size>
         <input_file_ref idref="fl-1e"/>
      </object_component>
      <object_component id="oc-386">
         <name>.text:GPIO_hwiIntFxn</name>
         <load_address>0x20010268</load_address>
         <run_address>0x20010268</run_address>
         <size>0x78</size>
         <input_file_ref idref="fl-11"/>
      </object_component>
      <object_component id="oc-841">
         <name>.text:TimerCC32XX_start</name>
         <load_address>0x200102e0</load_address>
         <run_address>0x200102e0</run_address>
         <size>0x78</size>
         <input_file_ref idref="fl-15"/>
      </object_component>
      <object_component id="oc-a3c">
         <name>.text:readIsrBinaryCallback</name>
         <load_address>0x20010358</load_address>
         <run_address>0x20010358</run_address>
         <size>0x78</size>
         <input_file_ref idref="fl-16"/>
      </object_component>
      <object_component id="oc-94c">
         <name>.text:UARTCC32XX_hwiIntFxn</name>
         <load_address>0x200103d0</load_address>
         <run_address>0x200103d0</run_address>
         <size>0x74</size>
         <input_file_ref idref="fl-16"/>
      </object_component>
      <object_component id="oc-862">
         <name>.text:split</name>
         <load_address>0x20010444</load_address>
         <run_address>0x20010444</run_address>
         <size>0x70</size>
         <input_file_ref idref="fl-e9"/>
      </object_component>
      <object_component id="oc-6de">
         <name>.text:_mcpy</name>
         <load_address>0x200104b4</load_address>
         <run_address>0x200104b4</run_address>
         <size>0x6e</size>
         <input_file_ref idref="fl-ec"/>
      </object_component>
      <object_component id="oc-642">
         <name>.text:I2CSupport_primeTransfer</name>
         <load_address>0x20010522</load_address>
         <run_address>0x20010522</run_address>
         <size>0x6a</size>
         <input_file_ref idref="fl-12"/>
      </object_component>
      <object_component id="oc-14">
         <name>.text:decompress:lzss:__TI_decompress_lzss</name>
         <load_address>0x2001058c</load_address>
         <run_address>0x2001058c</run_address>
         <size>0x68</size>
         <input_file_ref idref="fl-e8"/>
      </object_component>
      <object_component id="oc-7b6">
         <name>.text:UARTCC32XX_writeCancel</name>
         <load_address>0x200105f4</load_address>
         <run_address>0x200105f4</run_address>
         <size>0x66</size>
         <input_file_ref idref="fl-16"/>
      </object_component>
      <object_component id="oc-738">
         <name>.text</name>
         <load_address>0x2001065a</load_address>
         <run_address>0x2001065a</run_address>
         <size>0x2</size>
         <input_file_ref idref="fl-ed"/>
      </object_component>
      <object_component id="oc-4db">
         <name>.text:PowerCC32XX_setParkState</name>
         <load_address>0x2001065c</load_address>
         <run_address>0x2001065c</run_address>
         <size>0x64</size>
         <input_file_ref idref="fl-13"/>
      </object_component>
      <object_component id="oc-7b0">
         <name>.text:UARTCC32XX_writePolling</name>
         <load_address>0x200106c0</load_address>
         <run_address>0x200106c0</run_address>
         <size>0x62</size>
         <input_file_ref idref="fl-16"/>
      </object_component>
      <object_component id="oc-28b">
         <name>.text:PRCMSysResetCauseGet</name>
         <load_address>0x20010724</load_address>
         <run_address>0x20010724</run_address>
         <size>0x60</size>
         <input_file_ref idref="fl-25"/>
      </object_component>
      <object_component id="oc-204">
         <name>.text:GPIO_setCallback</name>
         <load_address>0x20010784</load_address>
         <run_address>0x20010784</run_address>
         <size>0x5c</size>
         <input_file_ref idref="fl-11"/>
      </object_component>
      <object_component id="oc-6f3">
         <name>.text:frexp</name>
         <load_address>0x200107e0</load_address>
         <run_address>0x200107e0</run_address>
         <size>0x5c</size>
         <input_file_ref idref="fl-102"/>
      </object_component>
      <object_component id="oc-8a9">
         <name>.text:sysTickInit</name>
         <load_address>0x2001083c</load_address>
         <run_address>0x2001083c</run_address>
         <size>0x5c</size>
         <input_file_ref idref="fl-1b"/>
      </object_component>
      <object_component id="oc-216">
         <name>.text:GPIO_write</name>
         <load_address>0x20010898</load_address>
         <run_address>0x20010898</run_address>
         <size>0x58</size>
         <input_file_ref idref="fl-11"/>
      </object_component>
      <object_component id="oc-2a4">
         <name>.text:PRCMPeripheralReset</name>
         <load_address>0x200108f0</load_address>
         <run_address>0x200108f0</run_address>
         <size>0x58</size>
         <input_file_ref idref="fl-25"/>
      </object_component>
      <object_component id="oc-904">
         <name>.text:Power_releaseDependency</name>
         <load_address>0x20010948</load_address>
         <run_address>0x20010948</run_address>
         <size>0x58</size>
         <input_file_ref idref="fl-13"/>
      </object_component>
      <object_component id="oc-847">
         <name>.text:TimerCC32XX_stop</name>
         <load_address>0x200109a0</load_address>
         <run_address>0x200109a0</run_address>
         <size>0x56</size>
         <input_file_ref idref="fl-15"/>
      </object_component>
      <object_component id="oc-520">
         <name>.text:_pconv_f</name>
         <load_address>0x200109f6</load_address>
         <run_address>0x200109f6</run_address>
         <size>0x56</size>
         <input_file_ref idref="fl-ec"/>
      </object_component>
      <object_component id="oc-6c8">
         <name>.text:__TI_ltoa</name>
         <load_address>0x20010a4c</load_address>
         <run_address>0x20010a4c</run_address>
         <size>0x54</size>
         <input_file_ref idref="fl-fa"/>
      </object_component>
      <object_component id="oc-aa7">
         <name>.text:ringBufGet</name>
         <load_address>0x20010aa0</load_address>
         <run_address>0x20010aa0</run_address>
         <size>0x54</size>
         <input_file_ref idref="fl-16"/>
      </object_component>
      <object_component id="oc-8c6">
         <name>.text:PowerCC32XX_resumeLPDS</name>
         <load_address>0x20010af4</load_address>
         <run_address>0x20010af4</run_address>
         <size>0x52</size>
         <input_file_ref idref="fl-14"/>
      </object_component>
      <object_component id="oc-6d8">
         <name>.text:_ecpy</name>
         <load_address>0x20010b46</load_address>
         <run_address>0x20010b46</run_address>
         <size>0x52</size>
         <input_file_ref idref="fl-ec"/>
      </object_component>
      <object_component id="oc-9a3">
         <name>.text:initHw</name>
         <load_address>0x20010b98</load_address>
         <run_address>0x20010b98</run_address>
         <size>0x52</size>
         <input_file_ref idref="fl-15"/>
      </object_component>
      <object_component id="oc-79">
         <name>.text:ClockP_sysTickHandler</name>
         <load_address>0x20010bec</load_address>
         <run_address>0x20010bec</run_address>
         <size>0x50</size>
         <input_file_ref idref="fl-1b"/>
      </object_component>
      <object_component id="oc-5e6">
         <name>.text:SemaphoreP_construct</name>
         <load_address>0x20010c3c</load_address>
         <run_address>0x20010c3c</run_address>
         <size>0x50</size>
         <input_file_ref idref="fl-1a"/>
      </object_component>
      <object_component id="oc-997">
         <name>.text:TimerCC32XX_allocateTimerResource</name>
         <load_address>0x20010c8c</load_address>
         <run_address>0x20010c8c</run_address>
         <size>0x50</size>
         <input_file_ref idref="fl-15"/>
      </object_component>
      <object_component id="oc-1f2">
         <name>.text:initTimer</name>
         <load_address>0x20010cdc</load_address>
         <run_address>0x20010cdc</run_address>
         <size>0x50</size>
         <input_file_ref idref="fl-2"/>
      </object_component>
      <object_component id="oc-20a">
         <name>.text:GPIO_enableInt</name>
         <load_address>0x20010d2c</load_address>
         <run_address>0x20010d2c</run_address>
         <size>0x4c</size>
         <input_file_ref idref="fl-11"/>
      </object_component>
      <object_component id="oc-603">
         <name>.text:I2CCC32XX_readRecieveFifo</name>
         <load_address>0x20010d78</load_address>
         <run_address>0x20010d78</run_address>
         <size>0x4c</size>
         <input_file_ref idref="fl-12"/>
      </object_component>
      <object_component id="oc-8bd">
         <name>.text:PowerCC32XX_parkPin</name>
         <load_address>0x20010dc4</load_address>
         <run_address>0x20010dc4</run_address>
         <size>0x4c</size>
         <input_file_ref idref="fl-13"/>
      </object_component>
      <object_component id="oc-509">
         <name>.text:atoi</name>
         <load_address>0x20010e10</load_address>
         <run_address>0x20010e10</run_address>
         <size>0x4c</size>
         <input_file_ref idref="fl-fc"/>
      </object_component>
      <object_component id="oc-75b">
         <name>.text:restorePeriphClocks</name>
         <load_address>0x20010e5c</load_address>
         <run_address>0x20010e5c</run_address>
         <size>0x4c</size>
         <input_file_ref idref="fl-13"/>
      </object_component>
      <object_component id="oc-21c">
         <name>.text:snprintf</name>
         <load_address>0x20010ea8</load_address>
         <run_address>0x20010ea8</run_address>
         <size>0x4c</size>
         <input_file_ref idref="fl-df"/>
      </object_component>
      <object_component id="oc-8e1">
         <name>.text:FlashDisable</name>
         <load_address>0x20010ef4</load_address>
         <run_address>0x20010ef4</run_address>
         <size>0x48</size>
         <input_file_ref idref="fl-29"/>
      </object_component>
      <object_component id="oc-767">
         <name>.text:PRCMLPDSEnter</name>
         <load_address>0x20010f3c</load_address>
         <run_address>0x20010f3c</run_address>
         <size>0x48</size>
         <input_file_ref idref="fl-25"/>
      </object_component>
      <object_component id="oc-29e">
         <name>.text:PRCMPeripheralClkEnable</name>
         <load_address>0x20010f84</load_address>
         <run_address>0x20010f84</run_address>
         <size>0x48</size>
         <input_file_ref idref="fl-25"/>
      </object_component>
      <object_component id="oc-7f2">
         <name>.text:Power_releaseConstraint</name>
         <load_address>0x20010fcc</load_address>
         <run_address>0x20010fcc</run_address>
         <size>0x48</size>
         <input_file_ref idref="fl-13"/>
      </object_component>
      <object_component id="oc-6c3">
         <name>.text</name>
         <load_address>0x20011014</load_address>
         <run_address>0x20011014</run_address>
         <size>0x48</size>
         <input_file_ref idref="fl-f2"/>
      </object_component>
      <object_component id="oc-a94">
         <name>.text:RingBuf_put</name>
         <load_address>0x2001105c</load_address>
         <run_address>0x2001105c</run_address>
         <size>0x46</size>
         <input_file_ref idref="fl-18"/>
      </object_component>
      <object_component id="oc-99d">
         <name>.text:getPrescaler</name>
         <load_address>0x200110a2</load_address>
         <run_address>0x200110a2</run_address>
         <size>0x46</size>
         <input_file_ref idref="fl-15"/>
      </object_component>
      <object_component id="oc-690">
         <name>.text:ClockP_stop</name>
         <load_address>0x200110e8</load_address>
         <run_address>0x200110e8</run_address>
         <size>0x44</size>
         <input_file_ref idref="fl-1b"/>
      </object_component>
      <object_component id="oc-8cb">
         <name>.text:PRCMLPDSRestoreInfoSet</name>
         <load_address>0x2001112c</load_address>
         <run_address>0x2001112c</run_address>
         <size>0x44</size>
         <input_file_ref idref="fl-25"/>
      </object_component>
      <object_component id="oc-750">
         <name>.text:PowerCC32XX_enterLPDS</name>
         <load_address>0x20011170</load_address>
         <run_address>0x20011170</run_address>
         <size>0x44</size>
         <input_file_ref idref="fl-14"/>
      </object_component>
      <object_component id="oc-342">
         <name>.text:SemaphoreP_post</name>
         <load_address>0x200111b4</load_address>
         <run_address>0x200111b4</run_address>
         <size>0x44</size>
         <input_file_ref idref="fl-1a"/>
      </object_component>
      <object_component id="oc-5bb">
         <name>.text:SwiP_restore</name>
         <load_address>0x200111f8</load_address>
         <run_address>0x200111f8</run_address>
         <size>0x44</size>
         <input_file_ref idref="fl-1f"/>
      </object_component>
      <object_component id="oc-2fe">
         <name>.text:Timer_init</name>
         <load_address>0x2001123c</load_address>
         <run_address>0x2001123c</run_address>
         <size>0x44</size>
         <input_file_ref idref="fl-f"/>
      </object_component>
      <object_component id="oc-2cb">
         <name>.text:UART_init</name>
         <load_address>0x20011280</load_address>
         <run_address>0x20011280</run_address>
         <size>0x44</size>
         <input_file_ref idref="fl-10"/>
      </object_component>
      <object_component id="oc-172">
         <name>.text:__TI_auto_init_nobinit_nopinit:__TI_auto_init_nobinit_nopinit</name>
         <load_address>0x200112c4</load_address>
         <run_address>0x200112c4</run_address>
         <size>0x44</size>
         <input_file_ref idref="fl-f5"/>
      </object_component>
      <object_component id="oc-1e6">
         <name>.text:initUART</name>
         <load_address>0x20011308</load_address>
         <run_address>0x20011308</run_address>
         <size>0x44</size>
         <input_file_ref idref="fl-2"/>
      </object_component>
      <object_component id="oc-a19">
         <name>.text:ClockP_construct</name>
         <load_address>0x2001134c</load_address>
         <run_address>0x2001134c</run_address>
         <size>0x40</size>
         <input_file_ref idref="fl-1b"/>
      </object_component>
      <object_component id="oc-2b6">
         <name>.text:PinModeSet</name>
         <load_address>0x2001138c</load_address>
         <run_address>0x2001138c</run_address>
         <size>0x40</size>
         <input_file_ref idref="fl-24"/>
      </object_component>
      <object_component id="oc-966">
         <name>.text:RingBuf_get</name>
         <load_address>0x200113cc</load_address>
         <run_address>0x200113cc</run_address>
         <size>0x40</size>
         <input_file_ref idref="fl-18"/>
      </object_component>
      <object_component id="oc-30a">
         <name>.text:Timer_open</name>
         <load_address>0x2001140c</load_address>
         <run_address>0x2001140c</run_address>
         <size>0x40</size>
         <input_file_ref idref="fl-f"/>
      </object_component>
      <object_component id="oc-798">
         <name>.text:UARTCC32XX_read</name>
         <load_address>0x2001144c</load_address>
         <run_address>0x2001144c</run_address>
         <size>0x40</size>
         <input_file_ref idref="fl-16"/>
      </object_component>
      <object_component id="oc-2d7">
         <name>.text:UART_open</name>
         <load_address>0x2001148c</load_address>
         <run_address>0x2001148c</run_address>
         <size>0x40</size>
         <input_file_ref idref="fl-10"/>
      </object_component>
      <object_component id="oc-6eb">
         <name>.text:_fcpy</name>
         <load_address>0x200114cc</load_address>
         <run_address>0x200114cc</run_address>
         <size>0x3e</size>
         <input_file_ref idref="fl-ec"/>
      </object_component>
      <object_component id="oc-4ab">
         <name>.text:ClockP_destruct</name>
         <load_address>0x2001150c</load_address>
         <run_address>0x2001150c</run_address>
         <size>0x3c</size>
         <input_file_ref idref="fl-1b"/>
      </object_component>
      <object_component id="oc-7f9">
         <name>.text:Power_setConstraint</name>
         <load_address>0x20011548</load_address>
         <run_address>0x20011548</run_address>
         <size>0x3c</size>
         <input_file_ref idref="fl-13"/>
      </object_component>
      <object_component id="oc-81d">
         <name>.text:TimerCC32XX_close</name>
         <load_address>0x20011584</load_address>
         <run_address>0x20011584</run_address>
         <size>0x3a</size>
         <input_file_ref idref="fl-15"/>
      </object_component>
      <object_component id="oc-59f">
         <name>.text:getCountsRTC</name>
         <load_address>0x200115be</load_address>
         <run_address>0x200115be</run_address>
         <size>0x3a</size>
         <input_file_ref idref="fl-1d"/>
      </object_component>
      <object_component id="oc-76d">
         <name>.text:PRCMLPDSEnterKeepDebugIf</name>
         <load_address>0x200115f8</load_address>
         <run_address>0x200115f8</run_address>
         <size>0x38</size>
         <input_file_ref idref="fl-25"/>
      </object_component>
      <object_component id="oc-9af">
         <name>.text:TimerCC32XX_hwiIntFunction</name>
         <load_address>0x20011630</load_address>
         <run_address>0x20011630</run_address>
         <size>0x38</size>
         <input_file_ref idref="fl-15"/>
      </object_component>
      <object_component id="oc-db">
         <name>.text:addToList</name>
         <load_address>0x20011668</load_address>
         <run_address>0x20011668</run_address>
         <size>0x38</size>
         <input_file_ref idref="fl-1b"/>
      </object_component>
      <object_component id="oc-59">
         <name>.text:initVectors</name>
         <load_address>0x200116a0</load_address>
         <run_address>0x200116a0</run_address>
         <size>0x38</size>
         <input_file_ref idref="fl-1e"/>
      </object_component>
      <object_component id="oc-73e">
         <name>.text:notify</name>
         <load_address>0x200116d8</load_address>
         <run_address>0x200116d8</run_address>
         <size>0x38</size>
         <input_file_ref idref="fl-13"/>
      </object_component>
      <object_component id="oc-3a0">
         <name>.text</name>
         <load_address>0x20011710</load_address>
         <run_address>0x20011710</run_address>
         <size>0x38</size>
         <input_file_ref idref="fl-e1"/>
      </object_component>
      <object_component id="oc-396">
         <name>.text</name>
         <load_address>0x20011748</load_address>
         <run_address>0x20011748</run_address>
         <size>0x38</size>
         <input_file_ref idref="fl-e2"/>
      </object_component>
      <object_component id="oc-a72">
         <name>.text:TimerControlStall</name>
         <load_address>0x20011780</load_address>
         <run_address>0x20011780</run_address>
         <size>0x36</size>
         <input_file_ref idref="fl-26"/>
      </object_component>
      <object_component id="oc-7a4">
         <name>.text:UARTCC32XX_readCancel</name>
         <load_address>0x200117b6</load_address>
         <run_address>0x200117b6</run_address>
         <size>0x36</size>
         <input_file_ref idref="fl-16"/>
      </object_component>
      <object_component id="oc-58d">
         <name>.text:ClockP_getTicksUntilInterrupt</name>
         <load_address>0x200117ec</load_address>
         <run_address>0x200117ec</run_address>
         <size>0x34</size>
         <input_file_ref idref="fl-1b"/>
      </object_component>
      <object_component id="oc-72f">
         <name>.text:ClockP_startup</name>
         <load_address>0x20011820</load_address>
         <run_address>0x20011820</run_address>
         <size>0x34</size>
         <input_file_ref idref="fl-1b"/>
      </object_component>
      <object_component id="oc-2b0">
         <name>.text:PinModeGet</name>
         <load_address>0x20011854</load_address>
         <run_address>0x20011854</run_address>
         <size>0x34</size>
         <input_file_ref idref="fl-24"/>
      </object_component>
      <object_component id="oc-90a">
         <name>.text:PowerCC32XX_restoreParkState</name>
         <load_address>0x20011888</load_address>
         <run_address>0x20011888</run_address>
         <size>0x34</size>
         <input_file_ref idref="fl-13"/>
      </object_component>
      <object_component id="oc-98d">
         <name>.text:TimerCC32XX_freeTimerResource</name>
         <load_address>0x200118bc</load_address>
         <run_address>0x200118bc</run_address>
         <size>0x34</size>
         <input_file_ref idref="fl-15"/>
      </object_component>
      <object_component id="oc-a66">
         <name>.text:getPowerMgrId</name>
         <load_address>0x200118f0</load_address>
         <run_address>0x200118f0</run_address>
         <size>0x34</size>
         <input_file_ref idref="fl-15"/>
      </object_component>
      <object_component id="oc-499">
         <name>.text:ClockP_start</name>
         <load_address>0x20011924</load_address>
         <run_address>0x20011924</run_address>
         <size>0x30</size>
         <input_file_ref idref="fl-1b"/>
      </object_component>
      <object_component id="oc-8da">
         <name>.text:PowerCC32XX_restoreParkedPin</name>
         <load_address>0x20011954</load_address>
         <run_address>0x20011954</run_address>
         <size>0x30</size>
         <input_file_ref idref="fl-13"/>
      </object_component>
      <object_component id="oc-3ad">
         <name>.text:_outs</name>
         <load_address>0x20011984</load_address>
         <run_address>0x20011984</run_address>
         <size>0x30</size>
         <input_file_ref idref="fl-df"/>
      </object_component>
      <object_component id="oc-22e">
         <name>.text:gpioButtonFxn</name>
         <load_address>0x200119b4</load_address>
         <run_address>0x200119b4</run_address>
         <size>0x30</size>
         <input_file_ref idref="fl-2"/>
      </object_component>
      <object_component id="oc-6ce">
         <name>.text</name>
         <load_address>0x200119e4</load_address>
         <run_address>0x200119e4</run_address>
         <size>0x2e</size>
         <input_file_ref idref="fl-f3"/>
      </object_component>
      <object_component id="oc-92b">
         <name>.text:PowerCC32XX_getParkState</name>
         <load_address>0x20011a14</load_address>
         <run_address>0x20011a14</run_address>
         <size>0x2c</size>
         <input_file_ref idref="fl-13"/>
      </object_component>
      <object_component id="oc-36e">
         <name>.text:HwiP_create</name>
         <load_address>0x20011a40</load_address>
         <run_address>0x20011a40</run_address>
         <size>0x2a</size>
         <input_file_ref idref="fl-1c"/>
      </object_component>
      <object_component id="oc-9bc">
         <name>.text:TimerLoadSet</name>
         <load_address>0x20011a6a</load_address>
         <run_address>0x20011a6a</run_address>
         <size>0x2a</size>
         <input_file_ref idref="fl-26"/>
      </object_component>
      <object_component id="oc-9b6">
         <name>.text:TimerPrescaleSet</name>
         <load_address>0x20011a94</load_address>
         <run_address>0x20011a94</run_address>
         <size>0x2a</size>
         <input_file_ref idref="fl-26"/>
      </object_component>
      <object_component id="oc-61b">
         <name>.text:I2CFIFODataPutNonBlocking</name>
         <load_address>0x20011abe</load_address>
         <run_address>0x20011abe</run_address>
         <size>0x28</size>
         <input_file_ref idref="fl-22"/>
      </object_component>
      <object_component id="oc-2aa">
         <name>.text:PRCMPeripheralClkDisable</name>
         <load_address>0x20011ae8</load_address>
         <run_address>0x20011ae8</run_address>
         <size>0x28</size>
         <input_file_ref idref="fl-25"/>
      </object_component>
      <object_component id="oc-33c">
         <name>.text:Power_registerNotify</name>
         <load_address>0x20011b10</load_address>
         <run_address>0x20011b10</run_address>
         <size>0x28</size>
         <input_file_ref idref="fl-13"/>
      </object_component>
      <object_component id="oc-688">
         <name>.text:free_list_insert</name>
         <load_address>0x20011b38</load_address>
         <run_address>0x20011b38</run_address>
         <size>0x28</size>
         <input_file_ref idref="fl-e9"/>
      </object_component>
      <object_component id="oc-7ce">
         <name>.text:I2CFIFODataGetNonBlocking</name>
         <load_address>0x20011b60</load_address>
         <run_address>0x20011b60</run_address>
         <size>0x26</size>
         <input_file_ref idref="fl-22"/>
      </object_component>
      <object_component id="oc-64e">
         <name>.text:I2C_cancel</name>
         <load_address>0x20011b86</load_address>
         <run_address>0x20011b86</run_address>
         <size>0x26</size>
         <input_file_ref idref="fl-e"/>
      </object_component>
      <object_component id="oc-4bb">
         <name>.text:List_put</name>
         <load_address>0x20011bac</load_address>
         <run_address>0x20011bac</run_address>
         <size>0x26</size>
         <input_file_ref idref="fl-17"/>
      </object_component>
      <object_component id="oc-a09">
         <name>.text:List_remove</name>
         <load_address>0x20011bd2</load_address>
         <run_address>0x20011bd2</run_address>
         <size>0x26</size>
         <input_file_ref idref="fl-17"/>
      </object_component>
      <object_component id="oc-5dc">
         <name>.text:HwiP_dispatch</name>
         <load_address>0x20011bf8</load_address>
         <run_address>0x20011bf8</run_address>
         <size>0x24</size>
         <input_file_ref idref="fl-1c"/>
      </object_component>
      <object_component id="oc-925">
         <name>.text:PowerCC32XX_reset</name>
         <load_address>0x20011c1c</load_address>
         <run_address>0x20011c1c</run_address>
         <size>0x24</size>
         <input_file_ref idref="fl-13"/>
      </object_component>
      <object_component id="oc-c5">
         <name>.text:_c_int00_noargs:_c_int00_noargs</name>
         <load_address>0x20011c40</load_address>
         <run_address>0x20011c40</run_address>
         <size>0x24</size>
         <input_file_ref idref="fl-eb"/>
      </object_component>
      <object_component id="oc-7d6">
         <name>.text:I2CMasterSlaveAddrSet</name>
         <load_address>0x20011c64</load_address>
         <run_address>0x20011c64</run_address>
         <size>0x22</size>
         <input_file_ref idref="fl-22"/>
      </object_component>
      <object_component id="oc-a01">
         <name>.text:HwiP_destruct</name>
         <load_address>0x20011c86</load_address>
         <run_address>0x20011c86</run_address>
         <size>0x20</size>
         <input_file_ref idref="fl-1c"/>
      </object_component>
      <object_component id="oc-8fe">
         <name>.text:Power_unregisterNotify</name>
         <load_address>0x20011ca8</load_address>
         <run_address>0x20011ca8</run_address>
         <size>0x20</size>
         <input_file_ref idref="fl-13"/>
      </object_component>
      <object_component id="oc-911">
         <name>.text:RingBuf_peek</name>
         <load_address>0x20011cc8</load_address>
         <run_address>0x20011cc8</run_address>
         <size>0x20</size>
         <input_file_ref idref="fl-18"/>
      </object_component>
      <object_component id="oc-91f">
         <name>.text:getPowerMgrId</name>
         <load_address>0x20011ce8</load_address>
         <run_address>0x20011ce8</run_address>
         <size>0x20</size>
         <input_file_ref idref="fl-16"/>
      </object_component>
      <object_component id="oc-5f7">
         <name>.text:I2CMasterIntStatusEx</name>
         <load_address>0x20011d08</load_address>
         <run_address>0x20011d08</run_address>
         <size>0x1e</size>
         <input_file_ref idref="fl-22"/>
      </object_component>
      <object_component id="oc-43c">
         <name>.text:SemaphoreP_constructBinary</name>
         <load_address>0x20011d26</load_address>
         <run_address>0x20011d26</run_address>
         <size>0x1e</size>
         <input_file_ref idref="fl-1a"/>
      </object_component>
      <object_component id="oc-9d0">
         <name>.text:TimerDisable</name>
         <load_address>0x20011d44</load_address>
         <run_address>0x20011d44</run_address>
         <size>0x1e</size>
         <input_file_ref idref="fl-26"/>
      </object_component>
      <object_component id="oc-9c9">
         <name>.text:TimerEnable</name>
         <load_address>0x20011d62</load_address>
         <run_address>0x20011d62</run_address>
         <size>0x1e</size>
         <input_file_ref idref="fl-26"/>
      </object_component>
      <object_component id="oc-8b7">
         <name>.text:PinToPadGet</name>
         <load_address>0x20011d80</load_address>
         <run_address>0x20011d80</run_address>
         <size>0x1c</size>
         <input_file_ref idref="fl-24"/>
      </object_component>
      <object_component id="oc-581">
         <name>.text:SwiP_disable</name>
         <load_address>0x20011d9c</load_address>
         <run_address>0x20011d9c</run_address>
         <size>0x1c</size>
         <input_file_ref idref="fl-1f"/>
      </object_component>
      <object_component id="oc-47">
         <name>.text:decompress:ZI:__TI_zero_init_nomemset:__TI_zero_init_nomemset</name>
         <load_address>0x20011db8</load_address>
         <run_address>0x20011db8</run_address>
         <size>0x1c</size>
         <input_file_ref idref="fl-e6"/>
      </object_component>
      <object_component id="oc-682">
         <name>.text:free_list_remove</name>
         <load_address>0x20011dd4</load_address>
         <run_address>0x20011dd4</run_address>
         <size>0x1c</size>
         <input_file_ref idref="fl-e9"/>
      </object_component>
      <object_component id="oc-532">
         <name>.text:memccpy</name>
         <load_address>0x20011df0</load_address>
         <run_address>0x20011df0</run_address>
         <size>0x1c</size>
         <input_file_ref idref="fl-fe"/>
      </object_component>
      <object_component id="oc-937">
         <name>.text:ClockP_create</name>
         <load_address>0x20011e0c</load_address>
         <run_address>0x20011e0c</run_address>
         <size>0x1a</size>
         <input_file_ref idref="fl-1b"/>
      </object_component>
      <object_component id="oc-31e">
         <name>.text:SemaphoreP_createBinary</name>
         <load_address>0x20011e26</load_address>
         <run_address>0x20011e26</run_address>
         <size>0x1a</size>
         <input_file_ref idref="fl-1a"/>
      </object_component>
      <object_component id="oc-21">
         <name>.text:resetISR</name>
         <load_address>0x20011e40</load_address>
         <run_address>0x20011e40</run_address>
         <size>0x1a</size>
         <input_file_ref idref="fl-1e"/>
      </object_component>
      <object_component id="oc-80d">
         <name>.text:I2CMasterBusBusy</name>
         <load_address>0x20011e5a</load_address>
         <run_address>0x20011e5a</run_address>
         <size>0x18</size>
         <input_file_ref idref="fl-22"/>
      </object_component>
      <object_component id="oc-609">
         <name>.text:I2CMasterIntDisableEx</name>
         <load_address>0x20011e72</load_address>
         <run_address>0x20011e72</run_address>
         <size>0x18</size>
         <input_file_ref idref="fl-22"/>
      </object_component>
      <object_component id="oc-7e8">
         <name>.text:I2CMasterIntEnableEx</name>
         <load_address>0x20011e8a</load_address>
         <run_address>0x20011e8a</run_address>
         <size>0x18</size>
         <input_file_ref idref="fl-22"/>
      </object_component>
      <object_component id="oc-807">
         <name>.text:I2CRxFIFOFlush</name>
         <load_address>0x20011ea2</load_address>
         <run_address>0x20011ea2</run_address>
         <size>0x18</size>
         <input_file_ref idref="fl-22"/>
      </object_component>
      <object_component id="oc-801">
         <name>.text:I2CTxFIFOFlush</name>
         <load_address>0x20011eba</load_address>
         <run_address>0x20011eba</run_address>
         <size>0x18</size>
         <input_file_ref idref="fl-22"/>
      </object_component>
      <object_component id="oc-593">
         <name>.text:Power_getTransitionLatency</name>
         <load_address>0x20011ed4</load_address>
         <run_address>0x20011ed4</run_address>
         <size>0x18</size>
         <input_file_ref idref="fl-13"/>
      </object_component>
      <object_component id="oc-852">
         <name>.text:Power_idleFunc</name>
         <load_address>0x20011eec</load_address>
         <run_address>0x20011eec</run_address>
         <size>0x18</size>
         <input_file_ref idref="fl-13"/>
      </object_component>
      <object_component id="oc-829">
         <name>.text:TimerCC32XX_getCount</name>
         <load_address>0x20011f04</load_address>
         <run_address>0x20011f04</run_address>
         <size>0x18</size>
         <input_file_ref idref="fl-15"/>
      </object_component>
      <object_component id="oc-9d6">
         <name>.text:TimerIntDisable</name>
         <load_address>0x20011f1c</load_address>
         <run_address>0x20011f1c</run_address>
         <size>0x18</size>
         <input_file_ref idref="fl-26"/>
      </object_component>
      <object_component id="oc-9c3">
         <name>.text:TimerIntEnable</name>
         <load_address>0x20011f34</load_address>
         <run_address>0x20011f34</run_address>
         <size>0x18</size>
         <input_file_ref idref="fl-26"/>
      </object_component>
      <object_component id="oc-96e">
         <name>.text:UARTBusy</name>
         <load_address>0x20011f4c</load_address>
         <run_address>0x20011f4c</run_address>
         <size>0x18</size>
         <input_file_ref idref="fl-27"/>
      </object_component>
      <object_component id="oc-a5d">
         <name>.text:UARTIntEnable</name>
         <load_address>0x20011f64</load_address>
         <run_address>0x20011f64</run_address>
         <size>0x18</size>
         <input_file_ref idref="fl-27"/>
      </object_component>
      <object_component id="oc-2d1">
         <name>.text:UART_Params_init</name>
         <load_address>0x20011f7c</load_address>
         <run_address>0x20011f7c</run_address>
         <size>0x18</size>
         <input_file_ref idref="fl-10"/>
      </object_component>
      <object_component id="oc-3b3">
         <name>.text:_outc</name>
         <load_address>0x20011f94</load_address>
         <run_address>0x20011f94</run_address>
         <size>0x18</size>
         <input_file_ref idref="fl-df"/>
      </object_component>
      <object_component id="oc-5b0">
         <name>.text</name>
         <load_address>0x20011fac</load_address>
         <run_address>0x20011fac</run_address>
         <size>0x18</size>
         <input_file_ref idref="fl-e3"/>
      </object_component>
      <object_component id="oc-316">
         <name>.text:timerCallback</name>
         <load_address>0x20011fc4</load_address>
         <run_address>0x20011fc4</run_address>
         <size>0x18</size>
         <input_file_ref idref="fl-2"/>
      </object_component>
      <object_component id="oc-7e2">
         <name>.text:I2CMasterBurstLengthSet</name>
         <load_address>0x20011fdc</load_address>
         <run_address>0x20011fdc</run_address>
         <size>0x16</size>
         <input_file_ref idref="fl-22"/>
      </object_component>
      <object_component id="oc-298">
         <name>.text:PRCMHIBRegRead</name>
         <load_address>0x20011ff2</load_address>
         <run_address>0x20011ff2</run_address>
         <size>0x16</size>
         <input_file_ref idref="fl-25"/>
      </object_component>
      <object_component id="oc-292">
         <name>.text:PRCMHIBRegWrite</name>
         <load_address>0x20012008</load_address>
         <run_address>0x20012008</run_address>
         <size>0x16</size>
         <input_file_ref idref="fl-25"/>
      </object_component>
      <object_component id="oc-481">
         <name>.text:SemaphoreP_create</name>
         <load_address>0x2001201e</load_address>
         <run_address>0x2001201e</run_address>
         <size>0x16</size>
         <input_file_ref idref="fl-1a"/>
      </object_component>
      <object_component id="oc-6ff">
         <name>.text:strchr</name>
         <load_address>0x20012034</load_address>
         <run_address>0x20012034</run_address>
         <size>0x16</size>
         <input_file_ref idref="fl-ff"/>
      </object_component>
      <object_component id="oc-a3">
         <name>.text:CPUcpsid</name>
         <load_address>0x2001204a</load_address>
         <run_address>0x2001204a</run_address>
         <size>0x14</size>
         <input_file_ref idref="fl-21"/>
      </object_component>
      <object_component id="oc-4c2">
         <name>.text:HwiP_inISR</name>
         <load_address>0x20012060</load_address>
         <run_address>0x20012060</run_address>
         <size>0x14</size>
         <input_file_ref idref="fl-1c"/>
      </object_component>
      <object_component id="oc-815">
         <name>.text:I2CSupport_masterFinish</name>
         <load_address>0x20012074</load_address>
         <run_address>0x20012074</run_address>
         <size>0x14</size>
         <input_file_ref idref="fl-12"/>
      </object_component>
      <object_component id="oc-2f0">
         <name>.text:I2C_transfer</name>
         <load_address>0x20012088</load_address>
         <run_address>0x20012088</run_address>
         <size>0x14</size>
         <input_file_ref idref="fl-e"/>
      </object_component>
      <object_component id="oc-af">
         <name>.text:IntVTableBaseSet</name>
         <load_address>0x2001209c</load_address>
         <run_address>0x2001209c</run_address>
         <size>0x14</size>
         <input_file_ref idref="fl-23"/>
      </object_component>
      <object_component id="oc-4c8">
         <name>.text:Power_disablePolicy</name>
         <load_address>0x200120b0</load_address>
         <run_address>0x200120b0</run_address>
         <size>0x14</size>
         <input_file_ref idref="fl-13"/>
      </object_component>
      <object_component id="oc-8d3">
         <name>.text:Power_getDependencyCount</name>
         <load_address>0x200120c4</load_address>
         <run_address>0x200120c4</run_address>
         <size>0x14</size>
         <input_file_ref idref="fl-13"/>
      </object_component>
      <object_component id="oc-a57">
         <name>.text:releasePowerConstraint</name>
         <load_address>0x200120d8</load_address>
         <run_address>0x200120d8</run_address>
         <size>0x14</size>
         <input_file_ref idref="fl-16"/>
      </object_component>
      <object_component id="oc-222">
         <name>.text:strlen</name>
         <load_address>0x200120ec</load_address>
         <run_address>0x200120ec</run_address>
         <size>0x14</size>
         <input_file_ref idref="fl-ea"/>
      </object_component>
      <object_component id="oc-368">
         <name>.text:HwiP_Params_init</name>
         <load_address>0x20012100</load_address>
         <run_address>0x20012100</run_address>
         <size>0x12</size>
         <input_file_ref idref="fl-1c"/>
      </object_component>
      <object_component id="oc-5fd">
         <name>.text:I2CMasterIntClearEx</name>
         <load_address>0x20012112</load_address>
         <run_address>0x20012112</run_address>
         <size>0x12</size>
         <input_file_ref idref="fl-22"/>
      </object_component>
      <object_component id="oc-919">
         <name>.text:RingBuf_construct</name>
         <load_address>0x20012124</load_address>
         <run_address>0x20012124</run_address>
         <size>0x12</size>
         <input_file_ref idref="fl-18"/>
      </object_component>
      <object_component id="oc-a7a">
         <name>.text:TimerIntClear</name>
         <load_address>0x20012136</load_address>
         <run_address>0x20012136</run_address>
         <size>0x12</size>
         <input_file_ref idref="fl-26"/>
      </object_component>
      <object_component id="oc-11a">
         <name>.text:main</name>
         <load_address>0x20012148</load_address>
         <run_address>0x20012148</run_address>
         <size>0x12</size>
         <input_file_ref idref="fl-4"/>
      </object_component>
      <object_component id="oc-538">
         <name>.text:wcslen</name>
         <load_address>0x2001215a</load_address>
         <run_address>0x2001215a</run_address>
         <size>0x12</size>
         <input_file_ref idref="fl-101"/>
      </object_component>
      <object_component id="oc-153">
         <name>.text:Board_init</name>
         <load_address>0x2001216c</load_address>
         <run_address>0x2001216c</run_address>
         <size>0x10</size>
         <input_file_ref idref="fl-3"/>
      </object_component>
      <object_component id="oc-493">
         <name>.text:ClockP_add</name>
         <load_address>0x2001217c</load_address>
         <run_address>0x2001217c</run_address>
         <size>0x10</size>
[...]
      <symbol id="sm-af1">
         <name>HwiP_disableInterrupt</name>
         <value>0x20012269</value>
         <object_component_ref idref="oc-63c"/>
      </symbol>
      <symbol id="sm-b21">
         <name>PowerCC32XX_initPolicy</name>
         <value>0x2000e243</value>
         <object_component_ref idref="oc-40b"/>
      </symbol>
      <symbol id="sm-b22">
         <name>PowerCC32XX_sleepPolicy</name>
         <value>0x2000d915</value>
         <object_component_ref idref="oc-411"/>
      </symbol>
      <symbol id="sm-b77">
         <name>resetISR</name>
         <value>0x20011e41</value>
         <object_component_ref idref="oc-21"/>
      </symbol>
      <symbol id="sm-b78">
         <name>resetVectorAddr</name>
         <value>0x20011e54</value>
         <object_component_ref idref="oc-21"/>
      </symbol>
      <symbol id="sm-b79">
         <name>initVectors</name>
         <value>0x200116a1</value>
         <object_component_ref idref="oc-59"/>
      </symbol>
      <symbol id="sm-b7a">
         <name>resetVectors</name>
         <value>0x20004000</value>
         <object_component_ref idref="oc-27"/>
      </symbol>
      <symbol id="sm-baa">
         <name>SwiP_disable</name>
         <value>0x20011d9d</value>
         <object_component_ref idref="oc-581"/>
      </symbol>
      <symbol id="sm-bab">
         <name>SwiP_restore</name>
         <value>0x200111f9</value>
         <object_component_ref idref="oc-5bb"/>
      </symbol>
      <symbol id="sm-bb6">
         <name>CPUcpsid</name>
         <value>0x2001204b</value>
         <object_component_ref idref="oc-a3"/>
      </symbol>
      <symbol id="sm-c23">
         <name>I2CRxFIFOFlush</name>
         <value>0x20011ea3</value>
         <object_component_ref idref="oc-807"/>
      </symbol>
      <symbol id="sm-c24">
         <name>I2CTxFIFOFlush</name>
         <value>0x20011ebb</value>
         <object_component_ref idref="oc-801"/>
      </symbol>
      <symbol id="sm-c25">
         <name>I2CFIFODataPutNonBlocking</name>
         <value>0x20011abf</value>
         <object_component_ref idref="oc-61b"/>
      </symbol>
      <symbol id="sm-c26">
         <name>I2CMasterBusBusy</name>
         <value>0x20011e5b</value>
         <object_component_ref idref="oc-80d"/>
      </symbol>
      <symbol id="sm-c27">
         <name>I2CMasterIntDisableEx</name>
         <value>0x20011e73</value>
         <object_component_ref idref="oc-609"/>
      </symbol>
      <symbol id="sm-c28">
         <name>I2CMasterBurstLengthSet</name>
         <value>0x20011fdd</value>
         <object_component_ref idref="oc-7e2"/>
      </symbol>
      <symbol id="sm-c29">
         <name>I2CMasterIntClearEx</name>
         <value>0x20012113</value>
         <object_component_ref idref="oc-5fd"/>
      </symbol>
      <symbol id="sm-c2a">
         <name>I2CMasterSlaveAddrSet</name>
         <value>0x20011c65</value>
         <object_component_ref idref="oc-7d6"/>
      </symbol>
      <symbol id="sm-c2b">
         <name>I2CMasterIntEnableEx</name>
         <value>0x20011e8b</value>
         <object_component_ref idref="oc-7e8"/>
      </symbol>
      <symbol id="sm-c2c">
         <name>I2CFIFOStatus</name>
         <value>0x200121ed</value>
         <object_component_ref idref="oc-621"/>
      </symbol>
      <symbol id="sm-c2d">
         <name>I2CMasterIntStatusEx</name>
         <value>0x20011d09</value>
         <object_component_ref idref="oc-5f7"/>
      </symbol>
      <symbol id="sm-c2e">
         <name>I2CFIFODataGetNonBlocking</name>
         <value>0x20011b61</value>
         <object_component_ref idref="oc-7ce"/>
      </symbol>
      <symbol id="sm-c73">
         <name>IntVTableBaseSet</name>
         <value>0x2001209d</value>
         <object_component_ref idref="oc-af"/>
      </symbol>
      <symbol id="sm-c74">
         <name>IntEnable</name>
         <value>0x2000f50d</value>
         <object_component_ref idref="oc-b5"/>
      </symbol>
      <symbol id="sm-c75">
         <name>IntMasterDisable</name>
         <value>0x2001230d</value>
         <object_component_ref idref="oc-53"/>
      </symbol>
      <symbol id="sm-c76">
         <name>IntPendSet</name>
         <value>0x2000fc51</value>
         <object_component_ref idref="oc-8e9"/>
      </symbol>
      <symbol id="sm-cb0">
         <name>PinModeGet</name>
         <value>0x20011855</value>
         <object_component_ref idref="oc-2b0"/>
      </symbol>
      <symbol id="sm-cb1">
         <name>PinConfigSet</name>
         <value>0x2000fcd9</value>
         <object_component_ref idref="oc-35c"/>
      </symbol>
      <symbol id="sm-cb2">
         <name>PinModeSet</name>
         <value>0x2001138d</value>
         <object_component_ref idref="oc-2b6"/>
      </symbol>
      <symbol id="sm-cb3">
         <name>PinToPadGet</name>
         <value>0x20011d81</value>
         <object_component_ref idref="oc-8b7"/>
      </symbol>
      <symbol id="sm-d7c">
         <name>PRCMLPDSRestoreInfoSet</name>
         <value>0x2001112d</value>
         <object_component_ref idref="oc-8cb"/>
      </symbol>
      <symbol id="sm-d7d">
         <name>PRCMPeripheralReset</name>
         <value>0x200108f1</value>
         <object_component_ref idref="oc-2a4"/>
      </symbol>
      <symbol id="sm-d7e">
         <name>PRCMLPDSEnter</name>
         <value>0x20010f3d</value>
         <object_component_ref idref="oc-767"/>
      </symbol>
      <symbol id="sm-d7f">
         <name>PRCMPeripheralClkEnable</name>
         <value>0x20010f85</value>
         <object_component_ref idref="oc-29e"/>
      </symbol>
      <symbol id="sm-d80">
         <name>PRCMLPDSEnterKeepDebugIf</name>
         <value>0x200115f9</value>
         <object_component_ref idref="oc-76d"/>
      </symbol>
      <symbol id="sm-d81">
         <name>PRCMCC3200MCUInit</name>
         <value>0x2000ca91</value>
         <object_component_ref idref="oc-1d2"/>
      </symbol>
      <symbol id="sm-d82">
         <name>PRCMHIBRegWrite</name>
         <value>0x20012009</value>
         <object_component_ref idref="oc-292"/>
      </symbol>
      <symbol id="sm-d83">
         <name>PRCMSysResetCauseGet</name>
         <value>0x20010725</value>
         <object_component_ref idref="oc-28b"/>
      </symbol>
      <symbol id="sm-d84">
         <name>PRCMPeripheralClkDisable</name>
         <value>0x20011ae9</value>
         <object_component_ref idref="oc-2aa"/>
      </symbol>
      <symbol id="sm-d85">
         <name>PRCMHIBRegRead</name>
         <value>0x20011ff3</value>
         <object_component_ref idref="oc-298"/>
      </symbol>
      <symbol id="sm-dcd">
         <name>TimerLoadSet</name>
         <value>0x20011a6b</value>
         <object_component_ref idref="oc-9bc"/>
      </symbol>
      <symbol id="sm-dce">
         <name>TimerDisable</name>
         <value>0x20011d45</value>
         <object_component_ref idref="oc-9d0"/>
      </symbol>
      <symbol id="sm-dcf">
         <name>TimerEnable</name>
         <value>0x20011d63</value>
         <object_component_ref idref="oc-9c9"/>
      </symbol>
      <symbol id="sm-dd0">
         <name>TimerIntDisable</name>
         <value>0x20011f1d</value>
         <object_component_ref idref="oc-9d6"/>
      </symbol>
      <symbol id="sm-dd1">
         <name>TimerPrescaleSet</name>
         <value>0x20011a95</value>
         <object_component_ref idref="oc-9b6"/>
      </symbol>
      <symbol id="sm-dd2">
         <name>TimerControlStall</name>
         <value>0x20011781</value>
         <object_component_ref idref="oc-a72"/>
      </symbol>
      <symbol id="sm-dd3">
         <name>TimerIntEnable</name>
         <value>0x20011f35</value>
         <object_component_ref idref="oc-9c3"/>
      </symbol>
      <symbol id="sm-dd4">
         <name>TimerIntClear</name>
         <value>0x20012137</value>
         <object_component_ref idref="oc-a7a"/>
      </symbol>
      <symbol id="sm-de8">
         <name>UARTBusy</name>
         <value>0x20011f4d</value>
         <object_component_ref idref="oc-96e"/>
      </symbol>
      <symbol id="sm-de9">
         <name>UARTIntEnable</name>
         <value>0x20011f65</value>
         <object_component_ref idref="oc-a5d"/>
      </symbol>
      <symbol id="sm-ded">
         <name>UtilsDelay</name>
         <value>0x20012367</value>
         <object_component_ref idref="oc-291"/>
      </symbol>
      <symbol id="sm-dfd">
         <name>FlashDisable</name>
         <value>0x20010ef5</value>
         <object_component_ref idref="oc-8e1"/>
      </symbol>
      <symbol id="sm-e2c">
         <name>snprintf</name>
         <value>0x20010ea9</value>
         <object_component_ref idref="oc-21c"/>
      </symbol>
      <symbol id="sm-e36">
         <name>__aeabi_fmul</name>
         <value>0x20010173</value>
         <object_component_ref idref="oc-39b"/>
      </symbol>
      <symbol id="sm-e40">
         <name>__aeabi_f2iz</name>
         <value>0x20011711</value>
         <object_component_ref idref="oc-3a0"/>
      </symbol>
      <symbol id="sm-e4b">
         <name>__aeabi_i2f</name>
         <value>0x20011749</value>
         <object_component_ref idref="oc-396"/>
      </symbol>
      <symbol id="sm-e54">
         <name>__aeabi_lmul</name>
         <value>0x20011fad</value>
         <object_component_ref idref="oc-5b0"/>
      </symbol>
      <symbol id="sm-e6f">
         <name>memcpy</name>
         <value>0x2000f8dd</value>
         <object_component_ref idref="oc-3b"/>
      </symbol>
      <symbol id="sm-e70">
         <name>__aeabi_memcpy</name>
         <value>0x2000f8dd</value>
         <object_component_ref idref="oc-3b"/>
      </symbol>
      <symbol id="sm-e71">
         <name>__aeabi_memcpy8</name>
         <value>0x2000f8dd</value>
         <object_component_ref idref="oc-3b"/>
      </symbol>
      <symbol id="sm-e72">
         <name>__aeabi_memcpy4</name>
         <value>0x2000f8dd</value>
         <object_component_ref idref="oc-3b"/>
      </symbol>
      <symbol id="sm-e7f">
         <name>__aeabi_uldivmod</name>
         <value>0x2000fa11</value>
         <object_component_ref idref="oc-5a5"/>
      </symbol>
      <symbol id="sm-e93">
         <name>__TI_zero_init_nomemset</name>
         <value>0x20011db9</value>
         <object_component_ref idref="oc-47"/>
      </symbol>
      <symbol id="sm-eaa">
         <name>__TI_decompress_none</name>
         <value>0x200122af</value>
         <object_component_ref idref="oc-1a"/>
      </symbol>
      <symbol id="sm-ecd">
         <name>__TI_decompress_lzss</name>
         <value>0x2001058d</value>
         <object_component_ref idref="oc-14"/>
      </symbol>
      <symbol id="sm-f56">
         <name>_sys_memory</name>
         <value>0x20004040</value>
         <object_component_ref idref="oc-2a"/>
      </symbol>
      <symbol id="sm-f57">
         <name>free</name>
         <value>0x2000eabd</value>
         <object_component_ref idref="oc-48c"/>
      </symbol>
      <symbol id="sm-f58">
         <name>memalign</name>
         <value>0x2000e6d1</value>
         <object_component_ref idref="oc-6a6"/>
      </symbol>
      <symbol id="sm-f59">
         <name>malloc</name>
         <value>0x2001233d</value>
         <object_component_ref idref="oc-4e7"/>
      </symbol>
      <symbol id="sm-f5a">
         <name>aligned_alloc</name>
         <value>0x2000e6d1</value>
         <object_component_ref idref="oc-6a6"/>
      </symbol>
      <symbol id="sm-f68">
         <name>strlen</name>
         <value>0x200120ed</value>
         <object_component_ref idref="oc-222"/>
      </symbol>
      <symbol id="sm-f7a">
         <name>__stack</name>
         <value>0x20003000</value>
         <object_component_ref idref="oc-2d"/>
      </symbol>
      <symbol id="sm-f7b">
         <name>_c_int00_noargs</name>
         <value>0x20011c41</value>
         <object_component_ref idref="oc-c5"/>
      </symbol>
      <symbol id="sm-10e0">
         <name>__TI_printfi</name>
         <value>0x2000c041</value>
         <object_component_ref idref="oc-3a7"/>
      </symbol>
      <symbol id="sm-10ea">
         <name>__aeabi_idiv0</name>
         <value>0x2001065b</value>
         <object_component_ref idref="oc-738"/>
      </symbol>
      <symbol id="sm-10eb">
         <name>__aeabi_ldiv0</name>
         <value>0x2001065b</value>
         <object_component_ref idref="oc-738"/>
      </symbol>
      <symbol id="sm-1102">
         <name>__aeabi_dsub</name>
         <value>0x2000d75d</value>
         <object_component_ref idref="oc-6d3"/>
      </symbol>
      <symbol id="sm-1103">
         <name>__aeabi_dadd</name>
         <value>0x2000d767</value>
         <object_component_ref idref="oc-6d3"/>
      </symbol>
      <symbol id="sm-1125">
         <name>__aeabi_cdcmpeq</name>
         <value>0x2000fde9</value>
         <object_component_ref idref="oc-515"/>
      </symbol>
      <symbol id="sm-1126">
         <name>__aeabi_cdcmple</name>
         <value>0x2000fde9</value>
         <object_component_ref idref="oc-515"/>
      </symbol>
      <symbol id="sm-1127">
         <name>__aeabi_cdrcmple</name>
         <value>0x2000fe6f</value>
         <object_component_ref idref="oc-6be"/>
      </symbol>
      <symbol id="sm-113b">
         <name>__aeabi_ddiv</name>
         <value>0x2000e10d</value>
         <object_component_ref idref="oc-6b9"/>
      </symbol>
      <symbol id="sm-1146">
         <name>__aeabi_dmul</name>
         <value>0x2000e8cd</value>
         <object_component_ref idref="oc-6b4"/>
      </symbol>
      <symbol id="sm-1150">
         <name>__aeabi_d2iz</name>
         <value>0x20011015</value>
         <object_component_ref idref="oc-6c3"/>
      </symbol>
      <symbol id="sm-115a">
         <name>__aeabi_i2d</name>
         <value>0x200119e5</value>
         <object_component_ref idref="oc-6ce"/>
      </symbol>
      <symbol id="sm-1169">
         <name>__aeabi_memset</name>
         <value>0x200101ef</value>
         <object_component_ref idref="oc-9d"/>
      </symbol>
      <symbol id="sm-116a">
         <name>memset</name>
         <value>0x200101f5</value>
         <object_component_ref idref="oc-9d"/>
      </symbol>
      <symbol id="sm-116b">
         <name>__aeabi_memset8</name>
         <value>0x200101ef</value>
         <object_component_ref idref="oc-9d"/>
      </symbol>
      <symbol id="sm-116c">
         <name>__aeabi_memset4</name>
         <value>0x200101ef</value>
         <object_component_ref idref="oc-9d"/>
      </symbol>
      <symbol id="sm-116d">
         <name>__aeabi_memclr8</name>
         <value>0x200101ed</value>
         <object_component_ref idref="oc-9d"/>
      </symbol>
      <symbol id="sm-116e">
         <name>__aeabi_memclr4</name>
         <value>0x200101ed</value>
         <object_component_ref idref="oc-9d"/>
      </symbol>
      <symbol id="sm-116f">
         <name>__aeabi_memclr</name>
         <value>0x200101ed</value>
         <object_component_ref idref="oc-9d"/>
      </symbol>
      <symbol id="sm-1197">
         <name>__TI_auto_init_nobinit_nopinit</name>
         <value>0x200112c5</value>
         <object_component_ref idref="oc-172"/>
      </symbol>
      <symbol id="sm-11a1">
         <name>_system_pre_init</name>
         <value>0x20012379</value>
         <object_component_ref idref="oc-114"/>
      </symbol>
      <symbol id="sm-11ad">
         <name>C$$EXIT</name>
         <value>0x2001237d</value>
         <object_component_ref idref="oc-166"/>
      </symbol>
      <symbol id="sm-11ae">
         <name>abort</name>
         <value>0x2001237d</value>
         <object_component_ref idref="oc-166"/>
      </symbol>
      <symbol id="sm-11c3">
         <name>_nop</name>
         <value>0x2000ed3b</value>
         <object_component_ref idref="oc-3d3"/>
      </symbol>
      <symbol id="sm-11c4">
         <name>_lock</name>
         <value>0x20012924</value>
         <object_component_ref idref="oc-23e"/>
      </symbol>
      <symbol id="sm-11c5">
         <name>_unlock</name>
         <value>0x20012928</value>
         <object_component_ref idref="oc-23e"/>
      </symbol>
      <symbol id="sm-11d4">
         <name>__TI_ltoa</name>
         <value>0x20010a4d</value>
         <object_component_ref idref="oc-6c8"/>
      </symbol>
      <symbol id="sm-11eb">
         <name>atoi</name>
         <value>0x20010e11</value>
         <object_component_ref idref="oc-509"/>
      </symbol>
      <symbol id="sm-11f6">
         <name>_ctypes_</name>
         <value>0x20012950</value>
         <object_component_ref idref="oc-6ad"/>
      </symbol>
      <symbol id="sm-1206">
         <name>memccpy</name>
         <value>0x20011df1</value>
         <object_component_ref idref="oc-532"/>
      </symbol>
      <symbol id="sm-1216">
         <name>strchr</name>
         <value>0x20012035</value>
         <object_component_ref idref="oc-6ff"/>
      </symbol>
      <symbol id="sm-122c">
         <name>__aeabi_errno_addr</name>
         <value>0x20012335</value>
         <object_component_ref idref="oc-53e"/>
      </symbol>
      <symbol id="sm-122d">
         <name>errno</name>
         <value>0x2001294c</value>
         <object_component_ref idref="oc-70f"/>
      </symbol>
      <symbol id="sm-1246">
         <name>wcslen</name>
         <value>0x2001215b</value>
         <object_component_ref idref="oc-538"/>
      </symbol>
      <symbol id="sm-1266">
         <name>frexpl</name>
         <value>0x200107e1</value>
         <object_component_ref idref="oc-6f3"/>
      </symbol>
      <symbol id="sm-1267">
         <name>frexp</name>
         <value>0x200107e1</value>
         <object_component_ref idref="oc-6f3"/>
      </symbol>
      <symbol id="sm-1285">
         <name>scalbn</name>
         <value>0x2000eba1</value>
         <object_component_ref idref="oc-6f9"/>
      </symbol>
      <symbol id="sm-1286">
         <name>scalbnl</name>
         <value>0x2000eba1</value>
         <object_component_ref idref="oc-6f9"/>
      </symbol>
      <symbol id="sm-1287">
         <name>ldexpl</name>
         <value>0x2000eba1</value>
         <object_component_ref idref="oc-6f9"/>
      </symbol>
      <symbol id="sm-1288">
         <name>ldexp</name>
         <value>0x2000eba1</value>
         <object_component_ref idref="oc-6f9"/>
      </symbol>
      <symbol id="sm-1292">
         <name>copysign</name>
         <value>0x200122d5</value>
         <object_component_ref idref="oc-881"/>
      </symbol>
      <symbol id="sm-1293">
         <name>copysignl</name>
         <value>0x200122d5</value>
         <object_component_ref idref="oc-881"/>
      </symbol>
      <symbol id="sm-1294">
         <name>__TI_static_base__</name>
         <value>0x20013230</value>
      </symbol>
      <symbol id="sm-1297">
         <name>ITM_flush</name>
         <value>0x0</value>
      </symbol>
      <symbol id="sm-1298">
         <name>ITM_restore</name>
         <value>0x0</value>
      </symbol>
      <symbol id="sm-1299">
         <name>__mpu_init</name>
         <value>0x0</value>
      </symbol>
      <symbol id="sm-129a">
         <name>_system_post_cinit</name>
         <value>0x0</value>
      </symbol>
      <symbol id="sm-129b">
         <name>NoRTOS_start</name>
         <value>0x20012277</value>
      </symbol>
   </symbol_table>
   <title>Link successful</title>
</link_info>
